worker0:337862:337972 [1] NCCL INFO GPU Direct RDMA Enabled for GPU ab000 / HCA 0 (distance 3 <= 4), read 0
worker1:326433:326555 [1] NCCL INFO Could not get speed from /sys/class/net/eth0/speed. Defaulting to 10 Gbps.
worker1:326432:326552 [0] NCCL INFO New proxy recv connection 2 from local rank 0, transport 2
worker1:326433:326545 [1] NCCL INFO Channel 00/0 : 9[1] -> 0[0] [send] via NET/Socket/0
worker1:326432:326541 [0] NCCL INFO Connected to proxy localRank 0 -> connection 0x733860005030
worker0:337862:337972 [1] NCCL INFO GPU Direct RDMA Enabled for GPU af000 / HCA 0 (distance 3 <= 4), read 0
worker0:337862:337972 [1] NCCL INFO GPU Direct RDMA Enabled for GPU b3000 / HCA 0 (distance 3 <= 4), read 0
worker0:337862:337972 [1] NCCL INFO GPU Direct RDMA Enabled for GPU b7000 / HCA 0 (distance 3 <= 4), read 0
worker1:326433:326555 [1] NCCL INFO New proxy send connection 1 from local rank 1, transport 2
worker0:337862:337972 [1] NCCL INFO GPU Direct RDMA Enabled for GPU 8d000 / HCA 1 (distance 3 <= 4), read 0
worker0:337862:337972 [1] NCCL INFO GPU Direct RDMA Enabled for GPU 91000 / HCA 1 (distance 3 <= 4), read 0
worker0:337862:337972 [1] NCCL INFO GPU Direct RDMA Enabled for GPU 95000 / HCA 1 (distance 3 <= 4), read 0
worker0:337862:337972 [1] NCCL INFO GPU Direct RDMA Enabled for GPU 99000 / HCA 1 (distance 3 <= 4), read 0
worker0:337862:337972 [1] NCCL INFO GPU Direct RDMA Enabled for GPU ab000 / HCA 1 (distance 3 <= 4), read 0
worker0:337862:337972 [1] NCCL INFO GPU Direct RDMA Enabled for GPU af000 / HCA 1 (distance 3 <= 4), read 0
worker0:337862:337972 [1] NCCL INFO GPU Direct RDMA Enabled for GPU b3000 / HCA 1 (distance 3 <= 4), read 0
worker0:337862:337972 [1] NCCL INFO GPU Direct RDMA Enabled for GPU b7000 / HCA 1 (distance 3 <= 4), read 0
worker0:337862:337972 [1] NCCL INFO GPU Direct RDMA Enabled for GPU 8d000 / HCA 2 (distance 3 <= 4), read 0
worker1:326433:326545 [1] NCCL INFO Connected to proxy localRank 1 -> connection 0x711a5c004fb8
worker1:326432:326552 [0] NCCL INFO Could not get speed from /sys/class/net/eth0/speed. Defaulting to 10 Gbps.
worker0:337862:337972 [1] NCCL INFO GPU Direct RDMA Enabled for GPU 91000 / HCA 2 (distance 3 <= 4), read 0
worker0:337862:337972 [1] NCCL INFO GPU Direct RDMA Enabled for GPU 95000 / HCA 2 (distance 3 <= 4), read 0
worker0:337862:337972 [1] NCCL INFO GPU Direct RDMA Enabled for GPU 99000 / HCA 2 (distance 3 <= 4), read 0
worker0:337862:337972 [1] NCCL INFO GPU Direct RDMA Enabled for GPU ab000 / HCA 2 (distance 3 <= 4), read 0
worker0:337862:337972 [1] NCCL INFO GPU Direct RDMA Enabled for GPU af000 / HCA 2 (distance 3 <= 4), read 0
worker0:337862:337972 [1] NCCL INFO GPU Direct RDMA Enabled for GPU b3000 / HCA 2 (distance 3 <= 4), read 0
worker0:337862:337972 [1] NCCL INFO GPU Direct RDMA Enabled for GPU b7000 / HCA 2 (distance 3 <= 4), read 0
worker0:337862:337972 [1] NCCL INFO GPU Direct RDMA Enabled for GPU 8d000 / HCA 3 (distance 3 <= 4), read 0
worker1:326432:326541 [0] NCCL INFO Channel 02/0 : 1[1] -> 8[0] [receive] via NET/Socket/0
worker1:326433:326555 [1] NCCL INFO Could not get speed from /sys/class/net/eth0/speed. Defaulting to 10 Gbps.
worker0:337862:337972 [1] NCCL INFO GPU Direct RDMA Enabled for GPU 91000 / HCA 3 (distance 3 <= 4), read 0
worker0:337862:337972 [1] NCCL INFO GPU Direct RDMA Enabled for GPU 95000 / HCA 3 (distance 3 <= 4), read 0
worker0:337862:337972 [1] NCCL INFO GPU Direct RDMA Enabled for GPU 99000 / HCA 3 (distance 3 <= 4), read 0
worker0:337862:337972 [1] NCCL INFO GPU Direct RDMA Enabled for GPU ab000 / HCA 3 (distance 3 <= 4), read 0
worker0:337862:337972 [1] NCCL INFO GPU Direct RDMA Enabled for GPU af000 / HCA 3 (distance 3 <= 4), read 0
worker0:337862:337972 [1] NCCL INFO GPU Direct RDMA Enabled for GPU b3000 / HCA 3 (distance 3 <= 4), read 0
worker0:337862:337972 [1] NCCL INFO GPU Direct RDMA Enabled for GPU b7000 / HCA 3 (distance 3 <= 4), read 0
worker1:326433:326545 [1] NCCL INFO Channel 01/0 : 9[1] -> 0[0] [send] via NET/Socket/0
worker0:337868:337971 [7] NCCL INFO Setting affinity for GPU 7 to ffffffff,ffffffff,00000000,00000000
worker1:326432:326552 [0] NCCL INFO New proxy recv connection 3 from local rank 0, transport 2
worker1:326433:326555 [1] NCCL INFO New proxy send connection 2 from local rank 1, transport 2
worker0:337862:337972 [1] NCCL INFO Setting affinity for GPU 1 to ffffffff,ffffffff
worker0:337868:337971 [7] NCCL INFO NVLS multicast support is available on dev 7
worker1:326432:326541 [0] NCCL INFO Connected to proxy localRank 0 -> connection 0x7338600050a8
worker0:337862:337972 [1] NCCL INFO NVLS multicast support is available on dev 1
worker1:326433:326545 [1] NCCL INFO Connected to proxy localRank 1 -> connection 0x711a5c005030
worker0:337867:337970 [6] NCCL INFO comm 0xed9d0c0 rank 6 nRanks 16 nNodes 2 localRanks 8 localRank 6 MNNVL 0
worker0:337868:337971 [7] NCCL INFO comm 0x2557a690 rank 7 nRanks 16 nNodes 2 localRanks 8 localRank 7 MNNVL 0
worker0:337865:337974 [4] NCCL INFO comm 0xe8ed6e0 rank 4 nRanks 16 nNodes 2 localRanks 8 localRank 4 MNNVL 0
worker1:326432:326552 [0] NCCL INFO Could not get speed from /sys/class/net/eth0/speed. Defaulting to 10 Gbps.
worker1:326433:326555 [1] NCCL INFO Could not get speed from /sys/class/net/eth0/speed. Defaulting to 10 Gbps.
worker0:337867:337970 [6] NCCL INFO NVLS Head  0:  0  8
worker0:337866:337973 [5] NCCL INFO comm 0x227ce780 rank 5 nRanks 16 nNodes 2 localRanks 8 localRank 5 MNNVL 0
worker0:337868:337971 [7] NCCL INFO NVLS Head  0:  0  8
worker0:337863:337969 [2] NCCL INFO comm 0x37c87ee0 rank 2 nRanks 16 nNodes 2 localRanks 8 localRank 2 MNNVL 0
worker0:337862:337972 [1] NCCL INFO comm 0x1f45f940 rank 1 nRanks 16 nNodes 2 localRanks 8 localRank 1 MNNVL 0
worker0:337868:337971 [7] NCCL INFO Trees [0] -1/-1/-1->7->6 [1] -1/-1/-1->7->6 [2] -1/-1/-1->7->6 [3] -1/-1/-1->7->6 [4] -1/-1/-1->7->6 [5] -1/-1/-1->7->6 [6] -1/-1/-1->7->6 [7] -1/-1/-1->7->6 [8] -1/-1/-1->7->6 [9] -1/-1/-1->7->6 [10] -1/-1/-1->7->6 [11] -1/-1/-1->7->6 [12] -1/-1/-1->7->6 [13] -1/-1/-1->7->6 [14] -1/-1/-1->7->6 [15] -1/-1/-1->7->6
worker0:337868:337971 [7] NCCL INFO P2P Chunksize set to 131072
worker1:326433:326545 [1] NCCL INFO Channel 02/0 : 9[1] -> 0[0] [send] via NET/Socket/0
worker0:337864:337975 [3] NCCL INFO comm 0x2283a210 rank 3 nRanks 16 nNodes 2 localRanks 8 localRank 3 MNNVL 0
worker0:337866:337973 [5] NCCL INFO NVLS Head  0:  0  8
worker0:337867:337970 [6] NCCL INFO Trees [0] 7/-1/-1->6->5 [1] 7/-1/-1->6->5 [2] 7/-1/-1->6->5 [3] 7/-1/-1->6->5 [4] 7/-1/-1->6->5 [5] 7/-1/-1->6->5 [6] 7/-1/-1->6->5 [7] 7/-1/-1->6->5 [8] 7/-1/-1->6->5 [9] 7/-1/-1->6->5 [10] 7/-1/-1->6->5 [11] 7/-1/-1->6->5 [12] 7/-1/-1->6->5 [13] 7/-1/-1->6->5 [14] 7/-1/-1->6->5 [15] 7/-1/-1->6->5
worker0:337865:337974 [4] NCCL INFO NVLS Head  0:  0  8
worker0:337867:337970 [6] NCCL INFO P2P Chunksize set to 131072
worker1:326433:326555 [1] NCCL INFO New proxy send connection 3 from local rank 1, transport 2
worker1:326432:326541 [0] NCCL INFO Channel 03/0 : 1[1] -> 8[0] [receive] via NET/Socket/0
worker0:337865:337974 [4] NCCL INFO Trees [0] 5/-1/-1->4->3 [1] 5/-1/-1->4->3 [2] 5/-1/-1->4->3 [3] 5/-1/-1->4->3 [4] 5/-1/-1->4->3 [5] 5/-1/-1->4->3 [6] 5/-1/-1->4->3 [7] 5/-1/-1->4->3 [8] 5/-1/-1->4->3 [9] 5/-1/-1->4->3 [10] 5/-1/-1->4->3 [11] 5/-1/-1->4->3 [12] 5/-1/-1->4->3 [13] 5/-1/-1->4->3 [14] 5/-1/-1->4->3 [15] 5/-1/-1->4->3
worker0:337865:337974 [4] NCCL INFO P2P Chunksize set to 131072
worker0:337866:337973 [5] NCCL INFO Trees [0] 6/-1/-1->5->4 [1] 6/-1/-1->5->4 [2] 6/-1/-1->5->4 [3] 6/-1/-1->5->4 [4] 6/-1/-1->5->4 [5] 6/-1/-1->5->4 [6] 6/-1/-1->5->4 [7] 6/-1/-1->5->4 [8] 6/-1/-1->5->4 [9] 6/-1/-1->5->4 [10] 6/-1/-1->5->4 [11] 6/-1/-1->5->4 [12] 6/-1/-1->5->4 [13] 6/-1/-1->5->4 [14] 6/-1/-1->5->4 [15] 6/-1/-1->5->4
worker0:337863:337969 [2] NCCL INFO NVLS Head  0:  0  8
worker0:337862:337972 [1] NCCL INFO NVLS Head  0:  0  8
worker1:326433:326545 [1] NCCL INFO Connected to proxy localRank 1 -> connection 0x711a5c0050a8
worker0:337866:337973 [5] NCCL INFO P2P Chunksize set to 131072
worker0:337863:337969 [2] NCCL INFO Trees [0] 3/-1/-1->2->1 [1] 3/-1/-1->2->1 [2] 3/-1/-1->2->1 [3] 3/-1/-1->2->1 [4] 3/-1/-1->2->1 [5] 3/-1/-1->2->1 [6] 3/-1/-1->2->1 [7] 3/-1/-1->2->1 [8] 3/-1/-1->2->1 [9] 3/-1/-1->2->1 [10] 3/-1/-1->2->1 [11] 3/-1/-1->2->1 [12] 3/-1/-1->2->1 [13] 3/-1/-1->2->1 [14] 3/-1/-1->2->1 [15] 3/-1/-1->2->1
worker0:337862:337972 [1] NCCL INFO Trees [0] 2/-1/-1->1->0 [1] 2/-1/-1->1->0 [2] 2/-1/-1->1->0 [3] 2/-1/-1->1->0 [4] 2/-1/-1->1->0 [5] 2/-1/-1->1->0 [6] 2/-1/-1->1->0 [7] 2/-1/-1->1->0 [8] 2/-1/-1->1->0 [9] 2/-1/-1->1->0 [10] 2/-1/-1->1->0 [11] 2/-1/-1->1->0 [12] 2/-1/-1->1->0 [13] 2/-1/-1->1->0 [14] 2/-1/-1->1->0 [15] 2/-1/-1->1->0
worker0:337864:337975 [3] NCCL INFO NVLS Head  0:  0  8
worker1:326432:326552 [0] NCCL INFO New proxy recv connection 4 from local rank 0, transport 2
worker0:337862:337972 [1] NCCL INFO P2P Chunksize set to 131072
worker0:337863:337969 [2] NCCL INFO P2P Chunksize set to 131072
worker0:337864:337975 [3] NCCL INFO Trees [0] 4/-1/-1->3->2 [1] 4/-1/-1->3->2 [2] 4/-1/-1->3->2 [3] 4/-1/-1->3->2 [4] 4/-1/-1->3->2 [5] 4/-1/-1->3->2 [6] 4/-1/-1->3->2 [7] 4/-1/-1->3->2 [8] 4/-1/-1->3->2 [9] 4/-1/-1->3->2 [10] 4/-1/-1->3->2 [11] 4/-1/-1->3->2 [12] 4/-1/-1->3->2 [13] 4/-1/-1->3->2 [14] 4/-1/-1->3->2 [15] 4/-1/-1->3->2
worker0:337864:337975 [3] NCCL INFO P2P Chunksize set to 131072
worker1:326432:326541 [0] NCCL INFO Connected to proxy localRank 0 -> connection 0x733860005120
worker0:337861:337968 [0] NCCL INFO comm 0x3fc42680 rank 0 nRanks 16 nNodes 2 localRanks 8 localRank 0 MNNVL 0
worker1:326433:326555 [1] NCCL INFO Could not get speed from /sys/class/net/eth0/speed. Defaulting to 10 Gbps.
worker1:326433:326545 [1] NCCL INFO Channel 03/0 : 9[1] -> 0[0] [send] via NET/Socket/0
worker0:337861:337968 [0] NCCL INFO NVLS Head  0:  0  8
worker0:337861:337968 [0] NCCL INFO Channel 00/16 :    0   7   6   5   4   3   2   1   8  15  14  13  12  11  10   9
worker0:337861:337968 [0] NCCL INFO Channel 01/16 :    0   7   6   5   4   3   2   1   8  15  14  13  12  11  10   9
worker0:337861:337968 [0] NCCL INFO Channel 02/16 :    0   7   6   5   4   3   2   1   8  15  14  13  12  11  10   9
worker0:337861:337968 [0] NCCL INFO Channel 03/16 :    0   7   6   5   4   3   2   1   8  15  14  13  12  11  10   9
worker1:326433:326555 [1] NCCL INFO New proxy send connection 4 from local rank 1, transport 2
worker1:326432:326552 [0] NCCL INFO Could not get speed from /sys/class/net/eth0/speed. Defaulting to 10 Gbps.
worker0:337861:337968 [0] NCCL INFO Channel 04/16 :    0   7   6   5   4   3   2   1   8  15  14  13  12  11  10   9
worker0:337861:337968 [0] NCCL INFO Channel 05/16 :    0   7   6   5   4   3   2   1   8  15  14  13  12  11  10   9
worker0:337861:337968 [0] NCCL INFO Channel 06/16 :    0   7   6   5   4   3   2   1   8  15  14  13  12  11  10   9
worker0:337861:337968 [0] NCCL INFO Channel 07/16 :    0   7   6   5   4   3   2   1   8  15  14  13  12  11  10   9
worker0:337861:337968 [0] NCCL INFO Channel 08/16 :    0   7   6   5   4   3   2   1   8  15  14  13  12  11  10   9
worker0:337861:337968 [0] NCCL INFO Channel 09/16 :    0   7   6   5   4   3   2   1   8  15  14  13  12  11  10   9
worker1:326433:326545 [1] NCCL INFO Connected to proxy localRank 1 -> connection 0x711a5c005120
worker0:337861:337968 [0] NCCL INFO Channel 10/16 :    0   7   6   5   4   3   2   1   8  15  14  13  12  11  10   9
worker0:337861:337968 [0] NCCL INFO Channel 11/16 :    0   7   6   5   4   3   2   1   8  15  14  13  12  11  10   9
worker0:337861:337968 [0] NCCL INFO Channel 12/16 :    0   7   6   5   4   3   2   1   8  15  14  13  12  11  10   9
worker0:337861:337968 [0] NCCL INFO Channel 13/16 :    0   7   6   5   4   3   2   1   8  15  14  13  12  11  10   9
worker0:337861:337968 [0] NCCL INFO Channel 14/16 :    0   7   6   5   4   3   2   1   8  15  14  13  12  11  10   9
worker1:326432:326541 [0] NCCL INFO Channel 04/0 : 1[1] -> 8[0] [receive] via NET/Socket/0
worker0:337861:337968 [0] NCCL INFO Channel 15/16 :    0   7   6   5   4   3   2   1   8  15  14  13  12  11  10   9
worker1:326433:326555 [1] NCCL INFO Could not get speed from /sys/class/net/eth0/speed. Defaulting to 10 Gbps.
worker0:337861:337968 [0] NCCL INFO Trees [0] 1/8/-1->0->-1 [1] 1/-1/-1->0->8 [2] 1/8/-1->0->-1 [3] 1/-1/-1->0->8 [4] 1/8/-1->0->-1 [5] 1/-1/-1->0->8 [6] 1/8/-1->0->-1 [7] 1/-1/-1->0->8 [8] 1/8/-1->0->-1 [9] 1/-1/-1->0->8 [10] 1/8/-1->0->-1 [11] 1/-1/-1->0->8 [12] 1/8/-1->0->-1 [13] 1/-1/-1->0->8 [14] 1/8/-1->0->-1 [15] 1/-1/-1->0->8
worker1:326433:326545 [1] NCCL INFO Channel 04/0 : 9[1] -> 0[0] [send] via NET/Socket/0
worker0:337861:337968 [0] NCCL INFO P2P Chunksize set to 131072
worker1:326432:326552 [0] NCCL INFO New proxy recv connection 5 from local rank 0, transport 2
worker0:337864:338048 [3] NCCL INFO New proxy recv connection 0 from local rank 3, transport 0
worker1:326437:326539 [5] NCCL INFO Channel 02/0 : 13[5] -> 12[4] via P2P/CUMEM
worker0:337864:337975 [3] NCCL INFO Connected to proxy localRank 3 -> connection 0x7709bc004f40
worker1:326432:326541 [0] NCCL INFO Connected to proxy localRank 0 -> connection 0x733860005198
worker1:326433:326555 [1] NCCL INFO New proxy send connection 5 from local rank 1, transport 2
worker0:337861:337968 [0] NCCL INFO GPU Direct RDMA Enabled for GPU 8d000 / HCA 4 (distance 3 <= 4), read 0
worker1:326433:326545 [1] NCCL INFO Connected to proxy localRank 1 -> connection 0x711a5c005198
worker0:337864:338048 [3] NCCL INFO New proxy recv connection 1 from local rank 3, transport 0
worker1:326437:326549 [5] NCCL INFO New proxy send connection 18 from local rank 5, transport 0
worker1:326432:326552 [0] NCCL INFO Could not get speed from /sys/class/net/eth0/speed. Defaulting to 10 Gbps.
worker1:326437:326539 [5] NCCL INFO Connected to proxy localRank 5 -> connection 0x7d43b80057b0
worker1:326433:326555 [1] NCCL INFO Could not get speed from /sys/class/net/eth0/speed. Defaulting to 10 Gbps.
worker1:326433:326545 [1] NCCL INFO Channel 05/0 : 9[1] -> 0[0] [send] via NET/Socket/0
worker0:337864:337975 [3] NCCL INFO Connected to proxy localRank 3 -> connection 0x7709bc004fb8
worker1:326435:326544 [3] NCCL INFO Channel 03/0 : 11[3] -> 10[2] via P2P/CUMEM
worker0:337867:338044 [6] NCCL INFO New proxy recv connection 0 from local rank 6, transport 0
worker1:326433:326555 [1] NCCL INFO New proxy send connection 6 from local rank 1, transport 2
worker0:337867:337970 [6] NCCL INFO Connected to proxy localRank 6 -> connection 0x7769c0004f40
worker1:326435:326558 [3] NCCL INFO New proxy send connection 19 from local rank 3, transport 0
worker1:326433:326545 [1] NCCL INFO Connected to proxy localRank 1 -> connection 0x711a5c005210
worker0:337864:338048 [3] NCCL INFO New proxy recv connection 2 from local rank 3, transport 0
worker0:337864:337975 [3] NCCL INFO Connected to proxy localRank 3 -> connection 0x7709bc005030
worker1:326435:326544 [3] NCCL INFO Connected to proxy localRank 3 -> connection 0x71ae18005828
worker1:326433:326555 [1] NCCL INFO Could not get speed from /sys/class/net/eth0/speed. Defaulting to 10 Gbps.
worker0:337867:338044 [6] NCCL INFO New proxy recv connection 1 from local rank 6, transport 0
worker1:326433:326545 [1] NCCL INFO Channel 06/0 : 9[1] -> 0[0] [send] via NET/Socket/0
worker0:337867:337970 [6] NCCL INFO Connected to proxy localRank 6 -> connection 0x7769c0004fb8
worker1:326434:326563 [2] NCCL INFO New proxy recv connection 1 from local rank 2, transport 0
worker1:326433:326555 [1] NCCL INFO New proxy send connection 7 from local rank 1, transport 2
worker0:337864:338048 [3] NCCL INFO New proxy recv connection 3 from local rank 3, transport 0
worker0:337864:337975 [3] NCCL INFO Connected to proxy localRank 3 -> connection 0x7709bc0050a8
worker1:326434:326540 [2] NCCL INFO Connected to proxy localRank 2 -> connection 0x77b9d4004fb8
worker0:337867:338044 [6] NCCL INFO New proxy recv connection 2 from local rank 6, transport 0
worker0:337867:337970 [6] NCCL INFO Connected to proxy localRank 6 -> connection 0x7769c0005030
worker1:326433:326545 [1] NCCL INFO Connected to proxy localRank 1 -> connection 0x711a5c005288
worker0:337867:338044 [6] NCCL INFO New proxy recv connection 3 from local rank 6, transport 0
worker0:337867:337970 [6] NCCL INFO Connected to proxy localRank 6 -> connection 0x7769c00050a8
worker1:326438:326551 [6] NCCL INFO New proxy recv connection 5 from local rank 6, transport 0
worker1:326433:326555 [1] NCCL INFO Could not get speed from /sys/class/net/eth0/speed. Defaulting to 10 Gbps.
worker1:326433:326545 [1] NCCL INFO Channel 07/0 : 9[1] -> 0[0] [send] via NET/Socket/0
worker1:326438:326542 [6] NCCL INFO Connected to proxy localRank 6 -> connection 0x72a21c005198
worker0:337864:338048 [3] NCCL INFO New proxy recv connection 4 from local rank 3, transport 0
worker0:337864:337975 [3] NCCL INFO Connected to proxy localRank 3 -> connection 0x7709bc005120
worker1:326433:326555 [1] NCCL INFO New proxy send connection 8 from local rank 1, transport 2
worker0:337868:338043 [7] NCCL INFO New proxy recv connection 0 from local rank 7, transport 0
worker1:326433:326545 [1] NCCL INFO Connected to proxy localRank 1 -> connection 0x711a5c005300
worker0:337868:337971 [7] NCCL INFO Connected to proxy localRank 7 -> connection 0x784ed4004f40
worker1:326433:326555 [1] NCCL INFO Could not get speed from /sys/class/net/eth0/speed. Defaulting to 10 Gbps.
worker1:326433:326545 [1] NCCL INFO Channel 08/0 : 9[1] -> 0[0] [send] via NET/Socket/0
worker0:337867:338044 [6] NCCL INFO New proxy recv connection 4 from local rank 6, transport 0
worker1:326433:326555 [1] NCCL INFO New proxy send connection 9 from local rank 1, transport 2
worker0:337867:337970 [6] NCCL INFO Connected to proxy localRank 6 -> connection 0x7769c0005120
worker1:326433:326545 [1] NCCL INFO Connected to proxy localRank 1 -> connection 0x711a5c005378
worker0:337867:338044 [6] NCCL INFO New proxy recv connection 5 from local rank 6, transport 0
worker0:337867:337970 [6] NCCL INFO Connected to proxy localRank 6 -> connection 0x7769c0005198
worker1:326433:326555 [1] NCCL INFO Could not get speed from /sys/class/net/eth0/speed. Defaulting to 10 Gbps.
worker1:326433:326545 [1] NCCL INFO Channel 09/0 : 9[1] -> 0[0] [send] via NET/Socket/0
worker0:337868:338043 [7] NCCL INFO New proxy recv connection 1 from local rank 7, transport 0
worker1:326433:326555 [1] NCCL INFO New proxy send connection 10 from local rank 1, transport 2
worker0:337868:337971 [7] NCCL INFO Connected to proxy localRank 7 -> connection 0x784ed4004fb8
worker1:326433:326545 [1] NCCL INFO Connected to proxy localRank 1 -> connection 0x711a5c0053f0
worker0:337867:338044 [6] NCCL INFO New proxy recv connection 6 from local rank 6, transport 0
worker1:326433:326555 [1] NCCL INFO Could not get speed from /sys/class/net/eth0/speed. Defaulting to 10 Gbps.
worker1:326433:326545 [1] NCCL INFO Channel 10/0 : 9[1] -> 0[0] [send] via NET/Socket/0
worker0:337867:337970 [6] NCCL INFO Connected to proxy localRank 6 -> connection 0x7769c0005210
worker1:326433:326555 [1] NCCL INFO New proxy send connection 11 from local rank 1, transport 2
worker0:337868:338043 [7] NCCL INFO New proxy recv connection 2 from local rank 7, transport 0
worker1:326433:326545 [1] NCCL INFO Connected to proxy localRank 1 -> connection 0x711a5c005468
worker0:337868:337971 [7] NCCL INFO Connected to proxy localRank 7 -> connection 0x784ed4005030
worker1:326433:326555 [1] NCCL INFO Could not get speed from /sys/class/net/eth0/speed. Defaulting to 10 Gbps.
worker1:326433:326545 [1] NCCL INFO Channel 11/0 : 9[1] -> 0[0] [send] via NET/Socket/0
worker0:337862:337972 [1] NCCL INFO GPU Direct RDMA Enabled for GPU 91000 / HCA 5 (distance 3 <= 4), read 1
worker1:326433:326555 [1] NCCL INFO New proxy send connection 12 from local rank 1, transport 2
worker0:337864:338048 [3] NCCL INFO New proxy recv connection 5 from local rank 3, transport 0
worker0:337864:337975 [3] NCCL INFO Connected to proxy localRank 3 -> connection 0x7709bc005198
worker1:326433:326545 [1] NCCL INFO Connected to proxy localRank 1 -> connection 0x711a5c0054e0
worker1:326438:326551 [6] NCCL INFO New proxy recv connection 6 from local rank 6, transport 0
worker0:337868:338043 [7] NCCL INFO New proxy recv connection 3 from local rank 7, transport 0
worker0:337868:337971 [7] NCCL INFO Connected to proxy localRank 7 -> connection 0x784ed40050a8
worker1:326438:326542 [6] NCCL INFO Connected to proxy localRank 6 -> connection 0x72a21c005210
worker1:326433:326555 [1] NCCL INFO Could not get speed from /sys/class/net/eth0/speed. Defaulting to 10 Gbps.
worker1:326433:326545 [1] NCCL INFO Channel 12/0 : 9[1] -> 0[0] [send] via NET/Socket/0
worker0:337863:338045 [2] NCCL INFO New proxy recv connection 0 from local rank 2, transport 0
worker1:326433:326555 [1] NCCL INFO New proxy send connection 13 from local rank 1, transport 2
worker1:326433:326545 [1] NCCL INFO Connected to proxy localRank 1 -> connection 0x711a5c005558
worker0:337868:338043 [7] NCCL INFO New proxy recv connection 4 from local rank 7, transport 0
worker0:337863:337969 [2] NCCL INFO Connected to proxy localRank 2 -> connection 0x722b40004f40
worker0:337868:337971 [7] NCCL INFO Connected to proxy localRank 7 -> connection 0x784ed4005120
worker1:326436:326550 [4] NCCL INFO New proxy recv connection 9 from local rank 4, transport 0
worker1:326433:326555 [1] NCCL INFO Could not get speed from /sys/class/net/eth0/speed. Defaulting to 10 Gbps.
worker1:326436:326543 [4] NCCL INFO Connected to proxy localRank 4 -> connection 0x7fab3c005378
worker1:326433:326545 [1] NCCL INFO Channel 13/0 : 9[1] -> 0[0] [send] via NET/Socket/0
worker0:337867:338044 [6] NCCL INFO New proxy recv connection 7 from local rank 6, transport 0
worker1:326433:326555 [1] NCCL INFO New proxy send connection 14 from local rank 1, transport 2
worker1:326433:326545 [1] NCCL INFO Connected to proxy localRank 1 -> connection 0x711a5c0055d0
worker0:337867:337970 [6] NCCL INFO Connected to proxy localRank 6 -> connection 0x7769c0005288
worker1:326433:326555 [1] NCCL INFO Could not get speed from /sys/class/net/eth0/speed. Defaulting to 10 Gbps.
worker1:326433:326545 [1] NCCL INFO Channel 14/0 : 9[1] -> 0[0] [send] via NET/Socket/0
worker0:337864:338048 [3] NCCL INFO New proxy recv connection 6 from local rank 3, transport 0
worker0:337864:337975 [3] NCCL INFO Connected to proxy localRank 3 -> connection 0x7709bc005210
worker1:326434:326563 [2] NCCL INFO New proxy recv connection 2 from local rank 2, transport 0
worker0:337865:338046 [4] NCCL INFO New proxy recv connection 0 from local rank 4, transport 0
worker1:326433:326555 [1] NCCL INFO New proxy send connection 15 from local rank 1, transport 2
worker1:326435:326544 [3] NCCL INFO Channel 04/0 : 11[3] -> 10[2] via P2P/CUMEM
worker0:337861:338057 [0] NCCL INFO New proxy recv connection 0 from local rank 0, transport 2
worker0:337865:337974 [4] NCCL INFO Connected to proxy localRank 4 -> connection 0x7508d0004f40
worker1:326434:326540 [2] NCCL INFO Connected to proxy localRank 2 -> connection 0x77b9d4005030
worker0:337861:337968 [0] NCCL INFO Connected to proxy localRank 0 -> connection 0x7d72d4004f40
worker1:326433:326545 [1] NCCL INFO Connected to proxy localRank 1 -> connection 0x711a5c005648
worker0:337863:338045 [2] NCCL INFO New proxy recv connection 1 from local rank 2, transport 0
worker1:326435:326558 [3] NCCL INFO New proxy send connection 20 from local rank 3, transport 0
worker0:337863:337969 [2] NCCL INFO Connected to proxy localRank 2 -> connection 0x722b40004fb8
worker1:326435:326544 [3] NCCL INFO Connected to proxy localRank 3 -> connection 0x71ae180058a0
worker0:337861:337968 [0] NCCL INFO Channel 00/0 : 9[1] -> 0[0] [receive] via NET/IB/4/GDRDMA
worker0:337861:337968 [0] NCCL INFO GPU Direct RDMA Enabled for GPU 8d000 / HCA 4 (distance 3 <= 4), read 0
worker1:326433:326555 [1] NCCL INFO Could not get speed from /sys/class/net/eth0/speed. Defaulting to 10 Gbps.
worker0:337861:338057 [0] NCCL INFO New proxy recv connection 1 from local rank 0, transport 2
worker1:326433:326545 [1] NCCL INFO Channel 15/0 : 9[1] -> 0[0] [send] via NET/Socket/0
worker0:337861:337968 [0] NCCL INFO Connected to proxy localRank 0 -> connection 0x7d72d4004fb8
worker1:326435:326544 [3] NCCL INFO Channel 05/0 : 11[3] -> 10[2] via P2P/CUMEM
worker0:337867:338044 [6] NCCL INFO New proxy recv connection 8 from local rank 6, transport 0
worker0:337867:337970 [6] NCCL INFO Connected to proxy localRank 6 -> connection 0x7769c0005300
worker1:326435:326558 [3] NCCL INFO New proxy send connection 21 from local rank 3, transport 0
worker0:337861:337968 [0] NCCL INFO Channel 01/0 : 9[1] -> 0[0] [receive] via NET/IB/4/GDRDMA
worker0:337861:337968 [0] NCCL INFO GPU Direct RDMA Enabled for GPU 8d000 / HCA 4 (distance 3 <= 4), read 0
worker0:337864:338048 [3] NCCL INFO New proxy recv connection 7 from local rank 3, transport 0
worker0:337864:337975 [3] NCCL INFO Connected to proxy localRank 3 -> connection 0x7709bc005288
worker1:326435:326544 [3] NCCL INFO Connected to proxy localRank 3 -> connection 0x71ae18005918
worker0:337861:338057 [0] NCCL INFO New proxy recv connection 2 from local rank 0, transport 2
worker1:326438:326551 [6] NCCL INFO New proxy recv connection 7 from local rank 6, transport 0
worker1:326438:326542 [6] NCCL INFO Connected to proxy localRank 6 -> connection 0x72a21c005288
worker0:337861:337968 [0] NCCL INFO Connected to proxy localRank 0 -> connection 0x7d72d4005030
worker1:326435:326544 [3] NCCL INFO Channel 06/0 : 11[3] -> 10[2] via P2P/CUMEM
worker0:337861:337968 [0] NCCL INFO Channel 02/0 : 9[1] -> 0[0] [receive] via NET/IB/4/GDRDMA
worker0:337861:337968 [0] NCCL INFO GPU Direct RDMA Enabled for GPU 8d000 / HCA 4 (distance 3 <= 4), read 0
worker1:326435:326558 [3] NCCL INFO New proxy send connection 22 from local rank 3, transport 0
worker0:337861:338057 [0] NCCL INFO New proxy recv connection 3 from local rank 0, transport 2
worker1:326435:326544 [3] NCCL INFO Connected to proxy localRank 3 -> connection 0x71ae18005990
worker0:337861:337968 [0] NCCL INFO Connected to proxy localRank 0 -> connection 0x7d72d40050a8
worker1:326435:326544 [3] NCCL INFO Channel 07/0 : 11[3] -> 10[2] via P2P/CUMEM
worker0:337861:337968 [0] NCCL INFO Channel 03/0 : 9[1] -> 0[0] [receive] via NET/IB/4/GDRDMA
worker0:337861:337968 [0] NCCL INFO GPU Direct RDMA Enabled for GPU 8d000 / HCA 4 (distance 3 <= 4), read 0
worker1:326435:326558 [3] NCCL INFO New proxy send connection 23 from local rank 3, transport 0
worker0:337861:338057 [0] NCCL INFO New proxy recv connection 4 from local rank 0, transport 2
worker1:326435:326544 [3] NCCL INFO Connected to proxy localRank 3 -> connection 0x71ae18005a08
worker0:337861:337968 [0] NCCL INFO Connected to proxy localRank 0 -> connection 0x7d72d4005120
worker1:326438:326551 [6] NCCL INFO New proxy recv connection 8 from local rank 6, transport 0
worker1:326438:326542 [6] NCCL INFO Connected to proxy localRank 6 -> connection 0x72a21c005300
worker0:337861:337968 [0] NCCL INFO Channel 04/0 : 9[1] -> 0[0] [receive] via NET/IB/4/GDRDMA
worker0:337861:337968 [0] NCCL INFO GPU Direct RDMA Enabled for GPU 8d000 / HCA 4 (distance 3 <= 4), read 0
worker1:326434:326563 [2] NCCL INFO New proxy recv connection 3 from local rank 2, transport 0
worker0:337864:338048 [3] NCCL INFO New proxy recv connection 8 from local rank 3, transport 0
worker1:326434:326540 [2] NCCL INFO Connected to proxy localRank 2 -> connection 0x77b9d40050a8
worker0:337861:338057 [0] NCCL INFO New proxy recv connection 5 from local rank 0, transport 2
worker0:337864:337975 [3] NCCL INFO Connected to proxy localRank 3 -> connection 0x7709bc005300
worker1:326436:326550 [4] NCCL INFO New proxy recv connection 10 from local rank 4, transport 0
worker0:337861:337968 [0] NCCL INFO Connected to proxy localRank 0 -> connection 0x7d72d4005198
worker1:326436:326543 [4] NCCL INFO Connected to proxy localRank 4 -> connection 0x7fab3c0053f0
worker1:326437:326539 [5] NCCL INFO Channel 03/0 : 13[5] -> 12[4] via P2P/CUMEM
worker0:337861:337968 [0] NCCL INFO Channel 05/0 : 9[1] -> 0[0] [receive] via NET/IB/4/GDRDMA
worker0:337861:337968 [0] NCCL INFO GPU Direct RDMA Enabled for GPU 8d000 / HCA 4 (distance 3 <= 4), read 0
worker1:326437:326549 [5] NCCL INFO New proxy send connection 19 from local rank 5, transport 0
worker0:337861:338057 [0] NCCL INFO New proxy recv connection 6 from local rank 0, transport 2
worker1:326437:326539 [5] NCCL INFO Connected to proxy localRank 5 -> connection 0x7d43b8005828
worker0:337861:337968 [0] NCCL INFO Connected to proxy localRank 0 -> connection 0x7d72d4005210
worker1:326437:326539 [5] NCCL INFO Channel 04/0 : 13[5] -> 12[4] via P2P/CUMEM
worker0:337868:338043 [7] NCCL INFO New proxy recv connection 5 from local rank 7, transport 0
worker0:337868:337971 [7] NCCL INFO Connected to proxy localRank 7 -> connection 0x784ed4005198
worker1:326437:326549 [5] NCCL INFO New proxy send connection 20 from local rank 5, transport 0
worker1:326437:326539 [5] NCCL INFO Connected to proxy localRank 5 -> connection 0x7d43b80058a0
worker0:337861:337968 [0] NCCL INFO Channel 06/0 : 9[1] -> 0[0] [receive] via NET/IB/4/GDRDMA
worker0:337861:337968 [0] NCCL INFO GPU Direct RDMA Enabled for GPU 8d000 / HCA 4 (distance 3 <= 4), read 0
worker1:326436:326550 [4] NCCL INFO New proxy recv connection 11 from local rank 4, transport 0
worker1:326436:326543 [4] NCCL INFO Connected to proxy localRank 4 -> connection 0x7fab3c005468
worker0:337867:338044 [6] NCCL INFO New proxy recv connection 9 from local rank 6, transport 0
worker1:326434:326563 [2] NCCL INFO New proxy recv connection 4 from local rank 2, transport 0
worker1:326435:326544 [3] NCCL INFO Channel 08/0 : 11[3] -> 10[2] via P2P/CUMEM
worker1:326434:326540 [2] NCCL INFO Connected to proxy localRank 2 -> connection 0x77b9d4005120
worker0:337861:338057 [0] NCCL INFO New proxy recv connection 7 from local rank 0, transport 2
worker0:337867:337970 [6] NCCL INFO Connected to proxy localRank 6 -> connection 0x7769c0005378
worker0:337861:337968 [0] NCCL INFO Connected to proxy localRank 0 -> connection 0x7d72d4005288
worker1:326435:326558 [3] NCCL INFO New proxy send connection 24 from local rank 3, transport 0
worker0:337861:337968 [0] NCCL INFO Channel 07/0 : 9[1] -> 0[0] [receive] via NET/IB/4/GDRDMA
worker0:337861:337968 [0] NCCL INFO GPU Direct RDMA Enabled for GPU 8d000 / HCA 4 (distance 3 <= 4), read 0
worker1:326435:326544 [3] NCCL INFO Connected to proxy localRank 3 -> connection 0x71ae18005a80
worker0:337861:338057 [0] NCCL INFO New proxy recv connection 8 from local rank 0, transport 2
worker1:326434:326563 [2] NCCL INFO New proxy recv connection 5 from local rank 2, transport 0
worker1:326434:326540 [2] NCCL INFO Connected to proxy localRank 2 -> connection 0x77b9d4005198
worker0:337861:337968 [0] NCCL INFO Connected to proxy localRank 0 -> connection 0x7d72d4005300
worker1:326437:326539 [5] NCCL INFO Channel 05/0 : 13[5] -> 12[4] via P2P/CUMEM
worker1:326437:326549 [5] NCCL INFO New proxy send connection 21 from local rank 5, transport 0
worker0:337861:337968 [0] NCCL INFO Channel 08/0 : 9[1] -> 0[0] [receive] via NET/IB/4/GDRDMA
worker0:337861:337968 [0] NCCL INFO GPU Direct RDMA Enabled for GPU 8d000 / HCA 4 (distance 3 <= 4), read 0
worker1:326437:326539 [5] NCCL INFO Connected to proxy localRank 5 -> connection 0x7d43b8005918
worker0:337861:338057 [0] NCCL INFO New proxy recv connection 9 from local rank 0, transport 2
worker1:326438:326551 [6] NCCL INFO New proxy recv connection 9 from local rank 6, transport 0
worker1:326438:326542 [6] NCCL INFO Connected to proxy localRank 6 -> connection 0x72a21c005378
worker0:337861:337968 [0] NCCL INFO Connected to proxy localRank 0 -> connection 0x7d72d4005378
worker1:326435:326544 [3] NCCL INFO Channel 09/0 : 11[3] -> 10[2] via P2P/CUMEM
worker0:337861:337968 [0] NCCL INFO Channel 09/0 : 9[1] -> 0[0] [receive] via NET/IB/4/GDRDMA
worker0:337861:337968 [0] NCCL INFO GPU Direct RDMA Enabled for GPU 8d000 / HCA 4 (distance 3 <= 4), read 0
worker1:326435:326558 [3] NCCL INFO New proxy send connection 25 from local rank 3, transport 0
worker0:337861:338057 [0] NCCL INFO New proxy recv connection 10 from local rank 0, transport 2
worker1:326435:326544 [3] NCCL INFO Connected to proxy localRank 3 -> connection 0x71ae18005af8
worker0:337861:337968 [0] NCCL INFO Connected to proxy localRank 0 -> connection 0x7d72d40053f0
worker1:326437:326539 [5] NCCL INFO Channel 06/0 : 13[5] -> 12[4] via P2P/CUMEM
worker0:337861:337968 [0] NCCL INFO Channel 10/0 : 9[1] -> 0[0] [receive] via NET/IB/4/GDRDMA
worker0:337861:337968 [0] NCCL INFO GPU Direct RDMA Enabled for GPU 8d000 / HCA 4 (distance 3 <= 4), read 0
worker1:326437:326549 [5] NCCL INFO New proxy send connection 22 from local rank 5, transport 0
worker0:337867:338044 [6] NCCL INFO New proxy recv connection 10 from local rank 6, transport 0
worker0:337861:338057 [0] NCCL INFO New proxy recv connection 11 from local rank 0, transport 2
worker0:337867:337970 [6] NCCL INFO Connected to proxy localRank 6 -> connection 0x7769c00053f0
worker0:337861:337968 [0] NCCL INFO Connected to proxy localRank 0 -> connection 0x7d72d4005468
worker1:326437:326539 [5] NCCL INFO Connected to proxy localRank 5 -> connection 0x7d43b8005990
worker0:337861:337968 [0] NCCL INFO Channel 11/0 : 9[1] -> 0[0] [receive] via NET/IB/4/GDRDMA
worker0:337861:337968 [0] NCCL INFO GPU Direct RDMA Enabled for GPU 8d000 / HCA 4 (distance 3 <= 4), read 0
worker1:326434:326563 [2] NCCL INFO New proxy recv connection 6 from local rank 2, transport 0
worker1:326435:326544 [3] NCCL INFO Channel 10/0 : 11[3] -> 10[2] via P2P/CUMEM
worker1:326434:326540 [2] NCCL INFO Connected to proxy localRank 2 -> connection 0x77b9d4005210
worker0:337861:338057 [0] NCCL INFO New proxy recv connection 12 from local rank 0, transport 2
worker1:326435:326558 [3] NCCL INFO New proxy send connection 26 from local rank 3, transport 0
worker0:337861:337968 [0] NCCL INFO Connected to proxy localRank 0 -> connection 0x7d72d40054e0
worker1:326435:326544 [3] NCCL INFO Connected to proxy localRank 3 -> connection 0x71ae18005b70
worker0:337861:337968 [0] NCCL INFO Channel 12/0 : 9[1] -> 0[0] [receive] via NET/IB/4/GDRDMA
worker0:337861:337968 [0] NCCL INFO GPU Direct RDMA Enabled for GPU 8d000 / HCA 4 (distance 3 <= 4), read 0
worker1:326438:326551 [6] NCCL INFO New proxy recv connection 10 from local rank 6, transport 0
worker1:326438:326542 [6] NCCL INFO Connected to proxy localRank 6 -> connection 0x72a21c0053f0
worker0:337861:338057 [0] NCCL INFO New proxy recv connection 13 from local rank 0, transport 2
worker1:326436:326550 [4] NCCL INFO New proxy recv connection 12 from local rank 4, transport 0
worker0:337861:337968 [0] NCCL INFO Connected to proxy localRank 0 -> connection 0x7d72d4005558
worker1:326436:326543 [4] NCCL INFO Connected to proxy localRank 4 -> connection 0x7fab3c0054e0
worker0:337863:338045 [2] NCCL INFO New proxy recv connection 2 from local rank 2, transport 0
worker1:326435:326544 [3] NCCL INFO Channel 11/0 : 11[3] -> 10[2] via P2P/CUMEM
worker0:337863:337969 [2] NCCL INFO Connected to proxy localRank 2 -> connection 0x722b40005030
worker1:326435:326558 [3] NCCL INFO New proxy send connection 27 from local rank 3, transport 0
worker0:337861:337968 [0] NCCL INFO Channel 13/0 : 9[1] -> 0[0] [receive] via NET/IB/4/GDRDMA
worker0:337861:337968 [0] NCCL INFO GPU Direct RDMA Enabled for GPU 8d000 / HCA 4 (distance 3 <= 4), read 0
worker1:326435:326544 [3] NCCL INFO Connected to proxy localRank 3 -> connection 0x71ae18005be8
worker0:337865:338046 [4] NCCL INFO New proxy recv connection 1 from local rank 4, transport 0
worker0:337861:338057 [0] NCCL INFO New proxy recv connection 14 from local rank 0, transport 2
worker0:337865:337974 [4] NCCL INFO Connected to proxy localRank 4 -> connection 0x7508d0004fb8
worker0:337861:337968 [0] NCCL INFO Connected to proxy localRank 0 -> connection 0x7d72d40055d0
worker1:326437:326539 [5] NCCL INFO Channel 07/0 : 13[5] -> 12[4] via P2P/CUMEM
worker0:337864:338048 [3] NCCL INFO New proxy recv connection 9 from local rank 3, transport 0
worker0:337864:337975 [3] NCCL INFO Connected to proxy localRank 3 -> connection 0x7709bc005378
worker1:326437:326549 [5] NCCL INFO New proxy send connection 23 from local rank 5, transport 0
worker0:337861:337968 [0] NCCL INFO Channel 14/0 : 9[1] -> 0[0] [receive] via NET/IB/4/GDRDMA
worker0:337861:337968 [0] NCCL INFO GPU Direct RDMA Enabled for GPU 8d000 / HCA 4 (distance 3 <= 4), read 0
worker1:326437:326539 [5] NCCL INFO Connected to proxy localRank 5 -> connection 0x7d43b8005a08
worker0:337861:338057 [0] NCCL INFO New proxy recv connection 15 from local rank 0, transport 2
worker0:337868:338043 [7] NCCL INFO New proxy recv connection 6 from local rank 7, transport 0
worker1:326435:326544 [3] NCCL INFO Channel 12/0 : 11[3] -> 10[2] via P2P/CUMEM
worker0:337861:337968 [0] NCCL INFO Connected to proxy localRank 0 -> connection 0x7d72d4005648
worker1:326435:326558 [3] NCCL INFO New proxy send connection 28 from local rank 3, transport 0
worker0:337868:337971 [7] NCCL INFO Connected to proxy localRank 7 -> connection 0x784ed4005210
worker1:326435:326544 [3] NCCL INFO Connected to proxy localRank 3 -> connection 0x71ae18005c60
worker0:337861:337968 [0] NCCL INFO Channel 15/0 : 9[1] -> 0[0] [receive] via NET/IB/4/GDRDMA
worker1:326436:326550 [4] NCCL INFO New proxy recv connection 13 from local rank 4, transport 0
worker1:326436:326543 [4] NCCL INFO Connected to proxy localRank 4 -> connection 0x7fab3c005558
worker0:337861:337968 [0] NCCL INFO Channel 00/0 : 0[0] -> 7[7] via P2P/CUMEM
worker1:326439:326554 [7] NCCL INFO New proxy recv connection 0 from local rank 7, transport 0
worker0:337861:338057 [0] NCCL INFO New proxy send connection 16 from local rank 0, transport 0
worker1:326438:326551 [6] NCCL INFO New proxy recv connection 11 from local rank 6, transport 0
worker0:337861:337968 [0] NCCL INFO Connected to proxy localRank 0 -> connection 0x7d72d40056c0
worker1:326438:326542 [6] NCCL INFO Connected to proxy localRank 6 -> connection 0x72a21c005468
worker1:326439:326538 [7] NCCL INFO Connected to proxy localRank 7 -> connection 0x7258e8004f40
worker0:337863:338045 [2] NCCL INFO New proxy recv connection 3 from local rank 2, transport 0
worker0:337863:337969 [2] NCCL INFO Connected to proxy localRank 2 -> connection 0x722b400050a8
worker1:326437:326539 [5] NCCL INFO Channel 08/0 : 13[5] -> 12[4] via P2P/CUMEM
worker0:337861:337968 [0] NCCL INFO Channel 01/0 : 0[0] -> 7[7] via P2P/CUMEM
worker1:326437:326549 [5] NCCL INFO New proxy send connection 24 from local rank 5, transport 0
worker0:337861:338057 [0] NCCL INFO New proxy send connection 17 from local rank 0, transport 0
worker1:326437:326539 [5] NCCL INFO Connected to proxy localRank 5 -> connection 0x7d43b8005a80
worker0:337861:337968 [0] NCCL INFO Connected to proxy localRank 0 -> connection 0x7d72d4005738
worker1:326434:326563 [2] NCCL INFO New proxy recv connection 7 from local rank 2, transport 0
worker1:326435:326544 [3] NCCL INFO Channel 13/0 : 11[3] -> 10[2] via P2P/CUMEM
worker1:326434:326540 [2] NCCL INFO Connected to proxy localRank 2 -> connection 0x77b9d4005288
worker0:337867:338044 [6] NCCL INFO New proxy recv connection 11 from local rank 6, transport 0
worker0:337867:337970 [6] NCCL INFO Connected to proxy localRank 6 -> connection 0x7769c0005468
worker1:326435:326558 [3] NCCL INFO New proxy send connection 29 from local rank 3, transport 0
worker0:337865:338046 [4] NCCL INFO New proxy recv connection 2 from local rank 4, transport 0
worker1:326435:326544 [3] NCCL INFO Connected to proxy localRank 3 -> connection 0x71ae18005cd8
worker0:337865:337974 [4] NCCL INFO Connected to proxy localRank 4 -> connection 0x7508d0005030
worker1:326438:326551 [6] NCCL INFO New proxy recv connection 12 from local rank 6, transport 0
worker1:326438:326542 [6] NCCL INFO Connected to proxy localRank 6 -> connection 0x72a21c0054e0
worker0:337864:338048 [3] NCCL INFO New proxy recv connection 10 from local rank 3, transport 0
worker1:326434:326563 [2] NCCL INFO New proxy recv connection 8 from local rank 2, transport 0
worker1:326434:326540 [2] NCCL INFO Connected to proxy localRank 2 -> connection 0x77b9d4005300
worker0:337864:337975 [3] NCCL INFO Connected to proxy localRank 3 -> connection 0x7709bc0053f0
worker0:337868:338043 [7] NCCL INFO New proxy recv connection 7 from local rank 7, transport 0
worker1:326435:326544 [3] NCCL INFO Channel 14/0 : 11[3] -> 10[2] via P2P/CUMEM
worker0:337868:337971 [7] NCCL INFO Connected to proxy localRank 7 -> connection 0x784ed4005288
worker1:326435:326558 [3] NCCL INFO New proxy send connection 30 from local rank 3, transport 0
worker0:337865:338046 [4] NCCL INFO New proxy recv connection 3 from local rank 4, transport 0
worker0:337865:337974 [4] NCCL INFO Connected to proxy localRank 4 -> connection 0x7508d00050a8
worker1:326435:326544 [3] NCCL INFO Connected to proxy localRank 3 -> connection 0x71ae18005d50
worker0:337865:338046 [4] NCCL INFO New proxy recv connection 4 from local rank 4, transport 0
worker1:326437:326539 [5] NCCL INFO Channel 09/0 : 13[5] -> 12[4] via P2P/CUMEM
worker1:326439:326554 [7] NCCL INFO New proxy recv connection 1 from local rank 7, transport 0
worker1:326439:326538 [7] NCCL INFO Connected to proxy localRank 7 -> connection 0x7258e8004fb8
worker0:337865:337974 [4] NCCL INFO Connected to proxy localRank 4 -> connection 0x7508d0005120
worker1:326437:326549 [5] NCCL INFO New proxy send connection 25 from local rank 5, transport 0
worker0:337863:338045 [2] NCCL INFO New proxy recv connection 4 from local rank 2, transport 0
worker0:337863:337969 [2] NCCL INFO Connected to proxy localRank 2 -> connection 0x722b40005120
worker1:326437:326539 [5] NCCL INFO Connected to proxy localRank 5 -> connection 0x7d43b8005af8
worker0:337867:338044 [6] NCCL INFO New proxy recv connection 12 from local rank 6, transport 0
worker0:337867:337970 [6] NCCL INFO Connected to proxy localRank 6 -> connection 0x7769c00054e0
worker1:326436:326550 [4] NCCL INFO New proxy recv connection 14 from local rank 4, transport 0
worker0:337867:338044 [6] NCCL INFO New proxy recv connection 13 from local rank 6, transport 0
worker1:326436:326543 [4] NCCL INFO Connected to proxy localRank 4 -> connection 0x7fab3c0055d0
worker0:337867:337970 [6] NCCL INFO Connected to proxy localRank 6 -> connection 0x7769c0005558
worker1:326437:326539 [5] NCCL INFO Channel 10/0 : 13[5] -> 12[4] via P2P/CUMEM
worker0:337868:338043 [7] NCCL INFO New proxy recv connection 8 from local rank 7, transport 0
worker1:326437:326549 [5] NCCL INFO New proxy send connection 26 from local rank 5, transport 0
worker0:337868:337971 [7] NCCL INFO Connected to proxy localRank 7 -> connection 0x784ed4005300
worker0:337864:338048 [3] NCCL INFO New proxy recv connection 11 from local rank 3, transport 0
worker1:326437:326539 [5] NCCL INFO Connected to proxy localRank 5 -> connection 0x7d43b8005b70
worker0:337864:337975 [3] NCCL INFO Connected to proxy localRank 3 -> connection 0x7709bc005468
worker0:337863:338045 [2] NCCL INFO New proxy recv connection 5 from local rank 2, transport 0
worker1:326435:326544 [3] NCCL INFO Channel 15/0 : 11[3] -> 10[2] via P2P/CUMEM
worker1:326435:326558 [3] NCCL INFO New proxy send connection 31 from local rank 3, transport 0
worker0:337863:337969 [2] NCCL INFO Connected to proxy localRank 2 -> connection 0x722b40005198
worker1:326435:326544 [3] NCCL INFO Connected to proxy localRank 3 -> connection 0x71ae18005dc8
worker0:337861:337968 [0] NCCL INFO Channel 02/0 : 0[0] -> 7[7] via P2P/CUMEM
worker1:326438:326551 [6] NCCL INFO New proxy recv connection 13 from local rank 6, transport 0
worker1:326438:326542 [6] NCCL INFO Connected to proxy localRank 6 -> connection 0x72a21c005558
worker0:337861:338057 [0] NCCL INFO New proxy send connection 18 from local rank 0, transport 0
worker1:326439:326554 [7] NCCL INFO New proxy recv connection 2 from local rank 7, transport 0
worker0:337861:337968 [0] NCCL INFO Connected to proxy localRank 0 -> connection 0x7d72d40057b0
worker1:326439:326538 [7] NCCL INFO Connected to proxy localRank 7 -> connection 0x7258e8005030
worker0:337863:338045 [2] NCCL INFO New proxy recv connection 6 from local rank 2, transport 0
worker1:326439:326554 [7] NCCL INFO New proxy recv connection 3 from local rank 7, transport 0
worker1:326439:326538 [7] NCCL INFO Connected to proxy localRank 7 -> connection 0x7258e80050a8
worker0:337863:337969 [2] NCCL INFO Connected to proxy localRank 2 -> connection 0x722b40005210
worker1:326434:326563 [2] NCCL INFO New proxy recv connection 9 from local rank 2, transport 0
worker1:326434:326540 [2] NCCL INFO Connected to proxy localRank 2 -> connection 0x77b9d4005378
worker0:337865:338046 [4] NCCL INFO New proxy recv connection 5 from local rank 4, transport 0
worker0:337865:337974 [4] NCCL INFO Connected to proxy localRank 4 -> connection 0x7508d0005198
worker1:326436:326550 [4] NCCL INFO New proxy recv connection 15 from local rank 4, transport 0
worker1:326436:326543 [4] NCCL INFO Connected to proxy localRank 4 -> connection 0x7fab3c005648
worker0:337862:338047 [1] NCCL INFO New proxy send connection 0 from local rank 1, transport 2
worker1:326438:326551 [6] NCCL INFO New proxy recv connection 14 from local rank 6, transport 0
worker0:337862:337972 [1] NCCL INFO Connected to proxy localRank 1 -> connection 0x71cd54004f40
worker1:326438:326542 [6] NCCL INFO Connected to proxy localRank 6 -> connection 0x72a21c0055d0
worker0:337862:337972 [1] NCCL INFO Channel 00/0 : 1[1] -> 8[0] [send] via NET/IB/5/GDRDMA
worker0:337862:337972 [1] NCCL INFO GPU Direct RDMA Enabled for GPU 91000 / HCA 5 (distance 3 <= 4), read 1
worker1:326438:326551 [6] NCCL INFO New proxy recv connection 15 from local rank 6, transport 0
worker0:337862:338047 [1] NCCL INFO New proxy send connection 1 from local rank 1, transport 2
worker0:337865:338046 [4] NCCL INFO New proxy recv connection 6 from local rank 4, transport 0
worker1:326438:326542 [6] NCCL INFO Connected to proxy localRank 6 -> connection 0x72a21c005648
worker0:337862:337972 [1] NCCL INFO Connected to proxy localRank 1 -> connection 0x71cd54004fb8
worker1:326436:326543 [4] NCCL INFO Channel 00/0 : 12[4] -> 11[3] via P2P/CUMEM
worker0:337865:337974 [4] NCCL INFO Connected to proxy localRank 4 -> connection 0x7508d0005210
worker1:326436:326550 [4] NCCL INFO New proxy send connection 16 from local rank 4, transport 0
worker0:337863:338045 [2] NCCL INFO New proxy recv connection 7 from local rank 2, transport 0
worker0:337862:337972 [1] NCCL INFO Channel 01/0 : 1[1] -> 8[0] [send] via NET/IB/5/GDRDMA
worker1:326437:326539 [5] NCCL INFO Channel 11/0 : 13[5] -> 12[4] via P2P/CUMEM
worker1:326436:326543 [4] NCCL INFO Connected to proxy localRank 4 -> connection 0x7fab3c0056c0
worker0:337862:337972 [1] NCCL INFO GPU Direct RDMA Enabled for GPU 91000 / HCA 5 (distance 3 <= 4), read 1
worker0:337863:337969 [2] NCCL INFO Connected to proxy localRank 2 -> connection 0x722b40005288
worker1:326437:326549 [5] NCCL INFO New proxy send connection 27 from local rank 5, transport 0
worker0:337862:338047 [1] NCCL INFO New proxy send connection 2 from local rank 1, transport 2
worker0:337868:338043 [7] NCCL INFO New proxy recv connection 9 from local rank 7, transport 0
worker1:326437:326539 [5] NCCL INFO Connected to proxy localRank 5 -> connection 0x7d43b8005be8
worker0:337862:337972 [1] NCCL INFO Connected to proxy localRank 1 -> connection 0x71cd54005030
worker1:326434:326563 [2] NCCL INFO New proxy recv connection 10 from local rank 2, transport 0
worker0:337868:337971 [7] NCCL INFO Connected to proxy localRank 7 -> connection 0x784ed4005378
worker1:326434:326540 [2] NCCL INFO Connected to proxy localRank 2 -> connection 0x77b9d40053f0
worker0:337862:337972 [1] NCCL INFO Channel 02/0 : 1[1] -> 8[0] [send] via NET/IB/5/GDRDMA
worker0:337862:337972 [1] NCCL INFO GPU Direct RDMA Enabled for GPU 91000 / HCA 5 (distance 3 <= 4), read 1
worker1:326436:326543 [4] NCCL INFO Channel 01/0 : 12[4] -> 11[3] via P2P/CUMEM
worker0:337862:338047 [1] NCCL INFO New proxy send connection 3 from local rank 1, transport 2
worker0:337864:338048 [3] NCCL INFO New proxy recv connection 12 from local rank 3, transport 0
worker1:326436:326550 [4] NCCL INFO New proxy send connection 17 from local rank 4, transport 0
worker0:337862:337972 [1] NCCL INFO Connected to proxy localRank 1 -> connection 0x71cd540050a8
worker0:337864:337975 [3] NCCL INFO Connected to proxy localRank 3 -> connection 0x7709bc0054e0
worker1:326436:326543 [4] NCCL INFO Connected to proxy localRank 4 -> connection 0x7fab3c005738
worker0:337862:337972 [1] NCCL INFO Channel 03/0 : 1[1] -> 8[0] [send] via NET/IB/5/GDRDMA
worker0:337862:337972 [1] NCCL INFO GPU Direct RDMA Enabled for GPU 91000 / HCA 5 (distance 3 <= 4), read 1
worker1:326439:326554 [7] NCCL INFO New proxy recv connection 4 from local rank 7, transport 0
worker0:337862:338047 [1] NCCL INFO New proxy send connection 4 from local rank 1, transport 2
worker1:326439:326538 [7] NCCL INFO Connected to proxy localRank 7 -> connection 0x7258e8005120
worker0:337862:337972 [1] NCCL INFO Connected to proxy localRank 1 -> connection 0x71cd54005120
worker1:326439:326554 [7] NCCL INFO New proxy recv connection 5 from local rank 7, transport 0
worker1:326439:326538 [7] NCCL INFO Connected to proxy localRank 7 -> connection 0x7258e8005198
worker0:337862:337972 [1] NCCL INFO Channel 04/0 : 1[1] -> 8[0] [send] via NET/IB/5/GDRDMA
worker0:337862:337972 [1] NCCL INFO GPU Direct RDMA Enabled for GPU 91000 / HCA 5 (distance 3 <= 4), read 1
worker1:326438:326542 [6] NCCL INFO Channel 00/0 : 14[6] -> 13[5] via P2P/CUMEM
worker0:337862:338047 [1] NCCL INFO New proxy send connection 5 from local rank 1, transport 2
