worker0:337862:338047 [1] NCCL INFO misc/socket.cc:752 -> 6
worker0:337862:338047 [1] NCCL INFO transport/net_ib.cc:1092 -> 6
worker0:337862:338047 [1] NCCL INFO transport/net.cc:687 -> 6
worker1:326435:326544 [3] NCCL INFO Connected to proxy localRank 3 -> connection 0x71ae18006728

worker0:337861:338057 [0] misc/socket.cc:442 NCCL WARN socketFinalizeAccept: wrong type 3 != 4
worker1:326436:326543 [4] NCCL INFO Channel 12/0 : 12[4] -> 13[5] via P2P/CUMEM
worker1:326436:326550 [4] NCCL INFO New proxy send connection 60 from local rank 4, transport 0
worker0:337861:338057 [0] NCCL INFO misc/socket.cc:564 -> 3
worker0:337861:338057 [0] NCCL INFO misc/socket.cc:668 -> 3
worker0:337861:338057 [0] NCCL INFO transport/net_ib.cc:1195 -> 3
worker0:337861:338057 [0] NCCL INFO transport/net.cc:837 -> 3
worker1:326436:326543 [4] NCCL INFO Connected to proxy localRank 4 -> connection 0x7fab3c006b60

worker0:337862:338047 [1] misc/socket.cc:30 NCCL WARN socketProgressOpt: Call to recv from 10.6.0.108<59795> failed : Connection reset by peer
worker0:337862:338047 [1] NCCL INFO misc/socket.cc:47 -> 6
worker0:337862:338047 [1] NCCL INFO misc/socket.cc:752 -> 6
worker0:337862:338047 [1] NCCL INFO transport/net_ib.cc:1092 -> 6
worker0:337862:338047 [1] NCCL INFO transport/net.cc:687 -> 6
worker1:326435:326544 [3] NCCL INFO Channel 04/0 : 11[3] -> 12[4] via P2P/CUMEM

worker0:337862:338047 [1] misc/socket.cc:30 NCCL WARN socketProgressOpt: Call to recv from 10.6.0.108<47075> failed : Connection reset by peer
worker0:337862:338047 [1] NCCL INFO misc/socket.cc:47 -> 6
worker0:337862:338047 [1] NCCL INFO misc/socket.cc:752 -> 6
worker0:337862:338047 [1] NCCL INFO transport/net_ib.cc:1092 -> 6
worker0:337862:338047 [1] NCCL INFO transport/net.cc:687 -> 6
worker1:326435:326558 [3] NCCL INFO New proxy send connection 52 from local rank 3, transport 0

worker0:337862:338047 [1] misc/socket.cc:30 NCCL WARN socketProgressOpt: Call to recv from 10.6.0.108<38077> failed : Connection reset by peer
worker0:337862:338047 [1] NCCL INFO misc/socket.cc:47 -> 6
worker0:337862:338047 [1] NCCL INFO misc/socket.cc:752 -> 6
worker0:337862:338047 [1] NCCL INFO transport/net_ib.cc:1092 -> 6
worker0:337862:338047 [1] NCCL INFO transport/net.cc:687 -> 6
worker1:326435:326544 [3] NCCL INFO Connected to proxy localRank 3 -> connection 0x71ae180067a0

worker0:337862:338047 [1] misc/socket.cc:30 NCCL WARN socketProgressOpt: Call to recv from 10.6.0.108<38631> failed : Connection reset by peer
worker0:337862:338047 [1] NCCL INFO misc/socket.cc:47 -> 6
worker0:337862:338047 [1] NCCL INFO misc/socket.cc:752 -> 6
worker0:337862:338047 [1] NCCL INFO transport/net_ib.cc:1092 -> 6
worker0:337862:338047 [1] NCCL INFO transport/net.cc:687 -> 6
worker1:326436:326543 [4] NCCL INFO Channel 13/0 : 12[4] -> 13[5] via P2P/CUMEM
worker1:326436:326550 [4] NCCL INFO New proxy send connection 61 from local rank 4, transport 0

worker0:337861:338057 [0] misc/socket.cc:442 NCCL WARN socketFinalizeAccept: wrong type 3 != 4
worker1:326436:326543 [4] NCCL INFO Connected to proxy localRank 4 -> connection 0x7fab3c006bd8
worker0:337861:338057 [0] NCCL INFO misc/socket.cc:564 -> 3
worker0:337861:338057 [0] NCCL INFO misc/socket.cc:668 -> 3
worker0:337861:338057 [0] NCCL INFO transport/net_ib.cc:1195 -> 3
worker0:337861:338057 [0] NCCL INFO transport/net.cc:837 -> 3
worker1:326435:326544 [3] NCCL INFO Channel 05/0 : 11[3] -> 12[4] via P2P/CUMEM

worker0:337862:338047 [1] misc/socket.cc:30 NCCL WARN socketProgressOpt: Call to recv from 10.6.0.108<36177> failed : Connection reset by peer
worker0:337862:338047 [1] NCCL INFO misc/socket.cc:47 -> 6
worker0:337862:338047 [1] NCCL INFO misc/socket.cc:752 -> 6
worker0:337862:338047 [1] NCCL INFO transport/net_ib.cc:1092 -> 6
worker0:337862:338047 [1] NCCL INFO transport/net.cc:687 -> 6
worker1:326435:326558 [3] NCCL INFO New proxy send connection 53 from local rank 3, transport 0

worker0:337861:338057 [0] misc/socket.cc:442 NCCL WARN socketFinalizeAccept: wrong type 3 != 4
worker0:337861:338057 [0] NCCL INFO misc/socket.cc:564 -> 3
worker0:337861:338057 [0] NCCL INFO misc/socket.cc:668 -> 3
worker1:326435:326544 [3] NCCL INFO Connected to proxy localRank 3 -> connection 0x71ae18006818
worker0:337861:338057 [0] NCCL INFO transport/net_ib.cc:1195 -> 3
worker0:337861:338057 [0] NCCL INFO transport/net.cc:837 -> 3
worker1:326436:326543 [4] NCCL INFO Channel 14/0 : 12[4] -> 13[5] via P2P/CUMEM
worker1:326436:326550 [4] NCCL INFO New proxy send connection 62 from local rank 4, transport 0

worker0:337861:338057 [0] misc/socket.cc:442 NCCL WARN socketFinalizeAccept: wrong type 3 != 4
worker0:337861:338057 [0] NCCL INFO misc/socket.cc:564 -> 3
worker0:337861:338057 [0] NCCL INFO misc/socket.cc:668 -> 3
worker0:337861:338057 [0] NCCL INFO transport/net_ib.cc:1195 -> 3
worker0:337861:338057 [0] NCCL INFO transport/net.cc:837 -> 3
worker1:326436:326543 [4] NCCL INFO Connected to proxy localRank 4 -> connection 0x7fab3c006c50

worker0:337862:338047 [1] misc/socket.cc:30 NCCL WARN socketProgressOpt: Call to recv from 10.6.0.108<41675> failed : Connection reset by peer
worker0:337862:338047 [1] NCCL INFO misc/socket.cc:47 -> 6
worker0:337862:338047 [1] NCCL INFO misc/socket.cc:752 -> 6
worker0:337862:338047 [1] NCCL INFO transport/net_ib.cc:1092 -> 6
worker0:337862:338047 [1] NCCL INFO transport/net.cc:687 -> 6
worker1:326435:326544 [3] NCCL INFO Channel 06/0 : 11[3] -> 12[4] via P2P/CUMEM

worker0:337861:338057 [0] misc/socket.cc:442 NCCL WARN socketFinalizeAccept: wrong type 3 != 4
worker0:337861:338057 [0] NCCL INFO misc/socket.cc:564 -> 3
worker0:337861:338057 [0] NCCL INFO misc/socket.cc:668 -> 3
worker0:337861:338057 [0] NCCL INFO transport/net_ib.cc:1195 -> 3
worker0:337861:338057 [0] NCCL INFO transport/net.cc:837 -> 3
worker1:326435:326558 [3] NCCL INFO New proxy send connection 54 from local rank 3, transport 0

worker0:337861:338057 [0] misc/socket.cc:442 NCCL WARN socketFinalizeAccept: wrong type 3 != 4
worker0:337861:338057 [0] NCCL INFO misc/socket.cc:564 -> 3
worker0:337861:338057 [0] NCCL INFO misc/socket.cc:668 -> 3
worker0:337861:338057 [0] NCCL INFO transport/net_ib.cc:1195 -> 3
worker0:337861:338057 [0] NCCL INFO transport/net.cc:837 -> 3
worker1:326437:326539 [5] NCCL INFO Connected all rings

worker0:337862:338047 [1] misc/socket.cc:30 NCCL WARN socketProgressOpt: Call to recv from 10.6.0.108<59153> failed : Connection reset by peer
worker0:337862:338047 [1] NCCL INFO misc/socket.cc:47 -> 6
worker0:337862:338047 [1] NCCL INFO misc/socket.cc:752 -> 6
worker0:337862:338047 [1] NCCL INFO transport/net_ib.cc:1092 -> 6
worker0:337862:338047 [1] NCCL INFO transport/net.cc:687 -> 6
worker1:326435:326544 [3] NCCL INFO Connected to proxy localRank 3 -> connection 0x71ae18006890

worker0:337862:338047 [1] misc/socket.cc:30 NCCL WARN socketProgressOpt: Call to recv from 10.6.0.108<42017> failed : Connection reset by peer
worker0:337862:338047 [1] NCCL INFO misc/socket.cc:47 -> 6
worker0:337862:338047 [1] NCCL INFO misc/socket.cc:752 -> 6
worker0:337862:338047 [1] NCCL INFO transport/net_ib.cc:1092 -> 6
worker0:337862:338047 [1] NCCL INFO transport/net.cc:687 -> 6
worker1:326436:326543 [4] NCCL INFO Channel 15/0 : 12[4] -> 13[5] via P2P/CUMEM
worker1:326436:326550 [4] NCCL INFO New proxy send connection 63 from local rank 4, transport 0

worker0:337861:338057 [0] misc/socket.cc:442 NCCL WARN socketFinalizeAccept: wrong type 3 != 4
worker0:337861:338057 [0] NCCL INFO misc/socket.cc:564 -> 3
worker1:326436:326543 [4] NCCL INFO Connected to proxy localRank 4 -> connection 0x7fab3c006cc8
worker0:337861:338057 [0] NCCL INFO misc/socket.cc:668 -> 3
worker0:337861:338057 [0] NCCL INFO transport/net_ib.cc:1195 -> 3
worker0:337861:338057 [0] NCCL INFO transport/net.cc:837 -> 3
worker1:326437:326549 [5] NCCL INFO New proxy recv connection 32 from local rank 5, transport 0
worker1:326435:326544 [3] NCCL INFO Channel 07/0 : 11[3] -> 12[4] via P2P/CUMEM

worker0:337862:338047 [1] misc/socket.cc:30 NCCL WARN socketProgressOpt: Call to recv from 10.6.0.108<46519> failed : Connection reset by peer
worker0:337862:338047 [1] NCCL INFO misc/socket.cc:47 -> 6
worker0:337862:338047 [1] NCCL INFO misc/socket.cc:752 -> 6
worker0:337862:338047 [1] NCCL INFO transport/net_ib.cc:1092 -> 6
worker0:337862:338047 [1] NCCL INFO transport/net.cc:687 -> 6
worker1:326435:326558 [3] NCCL INFO New proxy send connection 55 from local rank 3, transport 0
worker1:326435:326544 [3] NCCL INFO Connected to proxy localRank 3 -> connection 0x71ae18006908

worker0:337861:338057 [0] misc/socket.cc:442 NCCL WARN socketFinalizeAccept: wrong type 3 != 4
worker0:337861:338057 [0] NCCL INFO misc/socket.cc:564 -> 3
worker0:337861:338057 [0] NCCL INFO misc/socket.cc:668 -> 3
worker0:337861:338057 [0] NCCL INFO transport/net_ib.cc:1195 -> 3
worker0:337861:338057 [0] NCCL INFO transport/net.cc:837 -> 3
worker1:326435:326544 [3] NCCL INFO Channel 08/0 : 11[3] -> 12[4] via P2P/CUMEM
worker0:337861:337968 [0] NCCL INFO transport/net.cc:405 -> 3
worker0:337861:337968 [0] NCCL INFO transport.cc:183 -> 3
worker0:337861:337968 [0] NCCL INFO init.cc:1263 -> 3
worker1:326435:326558 [3] NCCL INFO New proxy send connection 56 from local rank 3, transport 0
worker0:337861:337968 [0] NCCL INFO init.cc:1548 -> 3
worker1:326435:326544 [3] NCCL INFO Connected to proxy localRank 3 -> connection 0x71ae18006980
worker0:337861:337968 [0] NCCL INFO group.cc:64 -> 3 [Async thread]
worker1:326435:326544 [3] NCCL INFO Channel 09/0 : 11[3] -> 12[4] via P2P/CUMEM

worker0:337861:338057 [0] misc/socket.cc:442 NCCL WARN socketFinalizeAccept: wrong type 3 != 4
worker1:326435:326558 [3] NCCL INFO New proxy send connection 57 from local rank 3, transport 0
worker0:337861:338057 [0] NCCL INFO misc/socket.cc:564 -> 3
worker0:337861:338057 [0] NCCL INFO misc/socket.cc:668 -> 3
worker0:337861:338057 [0] NCCL INFO transport/net_ib.cc:1195 -> 3
worker0:337861:338057 [0] NCCL INFO transport/net.cc:837 -> 3
worker1:326435:326544 [3] NCCL INFO Connected to proxy localRank 3 -> connection 0x71ae180069f8
worker0:337861:337861 [0] NCCL INFO group.cc:418 -> 3
worker0:337861:337861 [0] NCCL INFO init.cc:1929 -> 3
worker1:326435:326544 [3] NCCL INFO Channel 10/0 : 11[3] -> 12[4] via P2P/CUMEM

worker0:337862:338047 [1] misc/socket.cc:30 NCCL WARN socketProgressOpt: Call to recv from 10.6.0.108<41543> failed : Connection reset by peer
worker0:337862:338047 [1] NCCL INFO misc/socket.cc:47 -> 6
worker0:337862:338047 [1] NCCL INFO misc/socket.cc:752 -> 6
worker0:337862:338047 [1] NCCL INFO transport/net_ib.cc:1092 -> 6
worker0:337862:338047 [1] NCCL INFO transport/net.cc:687 -> 6
worker1:326435:326558 [3] NCCL INFO New proxy send connection 58 from local rank 3, transport 0
worker1:326435:326544 [3] NCCL INFO Connected to proxy localRank 3 -> connection 0x71ae18006a70
worker1:326435:326544 [3] NCCL INFO Channel 11/0 : 11[3] -> 12[4] via P2P/CUMEM
worker0:337862:337972 [1] NCCL INFO transport/net.cc:306 -> 6
worker0:337862:337972 [1] NCCL INFO transport.cc:165 -> 6
worker0:337862:337972 [1] NCCL INFO init.cc:1263 -> 6
worker0:337862:337972 [1] NCCL INFO init.cc:1548 -> 6
worker0:337862:337972 [1] NCCL INFO group.cc:64 -> 6 [Async thread]
worker1:326435:326558 [3] NCCL INFO New proxy send connection 59 from local rank 3, transport 0
worker0:337862:337862 [1] NCCL INFO group.cc:418 -> 6
worker0:337862:337862 [1] NCCL INFO init.cc:1929 -> 6
worker1:326435:326544 [3] NCCL INFO Connected to proxy localRank 3 -> connection 0x71ae18006ae8
worker1:326435:326544 [3] NCCL INFO Channel 12/0 : 11[3] -> 12[4] via P2P/CUMEM
worker1:326435:326558 [3] NCCL INFO New proxy send connection 60 from local rank 3, transport 0
worker0:337865:337974 [4] NCCL INFO Connected all rings
worker1:326435:326544 [3] NCCL INFO Connected to proxy localRank 3 -> connection 0x71ae18006b60
worker0:337865:338046 [4] NCCL INFO New proxy recv connection 32 from local rank 4, transport 0
worker1:326435:326544 [3] NCCL INFO Channel 13/0 : 11[3] -> 12[4] via P2P/CUMEM
worker0:337865:337974 [4] NCCL INFO Connected to proxy localRank 4 -> connection 0x7508d0005e40
worker1:326435:326558 [3] NCCL INFO New proxy send connection 61 from local rank 3, transport 0
worker0:337865:338046 [4] NCCL INFO New proxy recv connection 33 from local rank 4, transport 0
worker0:337865:337974 [4] NCCL INFO Connected to proxy localRank 4 -> connection 0x7508d0005eb8
worker1:326435:326544 [3] NCCL INFO Connected to proxy localRank 3 -> connection 0x71ae18006bd8
worker0:337865:338046 [4] NCCL INFO New proxy recv connection 34 from local rank 4, transport 0
worker1:326435:326544 [3] NCCL INFO Channel 14/0 : 11[3] -> 12[4] via P2P/CUMEM
worker0:337865:337974 [4] NCCL INFO Connected to proxy localRank 4 -> connection 0x7508d0005f30
worker1:326435:326558 [3] NCCL INFO New proxy send connection 62 from local rank 3, transport 0
worker0:337865:338046 [4] NCCL INFO New proxy recv connection 35 from local rank 4, transport 0
worker0:337865:337974 [4] NCCL INFO Connected to proxy localRank 4 -> connection 0x7508d0005fa8
worker1:326435:326544 [3] NCCL INFO Connected to proxy localRank 3 -> connection 0x71ae18006c50
worker0:337865:338046 [4] NCCL INFO New proxy recv connection 36 from local rank 4, transport 0
worker0:337865:337974 [4] NCCL INFO Connected to proxy localRank 4 -> connection 0x7508d0006020
worker1:326437:326539 [5] NCCL INFO Connected to proxy localRank 5 -> connection 0x7d43b8005e40
worker0:337865:338046 [4] NCCL INFO New proxy recv connection 37 from local rank 4, transport 0
worker0:337865:337974 [4] NCCL INFO Connected to proxy localRank 4 -> connection 0x7508d0006098
worker1:326435:326544 [3] NCCL INFO Channel 15/0 : 11[3] -> 12[4] via P2P/CUMEM
worker0:337866:337973 [5] NCCL INFO Connected all rings
worker1:326435:326558 [3] NCCL INFO New proxy send connection 63 from local rank 3, transport 0
worker0:337866:338049 [5] NCCL INFO New proxy recv connection 32 from local rank 5, transport 0
worker1:326435:326544 [3] NCCL INFO Connected to proxy localRank 3 -> connection 0x71ae18006cc8
worker0:337866:337973 [5] NCCL INFO Connected to proxy localRank 5 -> connection 0x7f0208005e40
worker1:326437:326549 [5] NCCL INFO New proxy recv connection 33 from local rank 5, transport 0
worker1:326437:326539 [5] NCCL INFO Connected to proxy localRank 5 -> connection 0x7d43b8005eb8
worker0:337865:338046 [4] NCCL INFO New proxy recv connection 38 from local rank 4, transport 0
worker1:326437:326549 [5] NCCL INFO New proxy recv connection 34 from local rank 5, transport 0
worker1:326437:326539 [5] NCCL INFO Connected to proxy localRank 5 -> connection 0x7d43b8005f30
worker0:337865:337974 [4] NCCL INFO Connected to proxy localRank 4 -> connection 0x7508d0006110
worker1:326437:326549 [5] NCCL INFO New proxy recv connection 35 from local rank 5, transport 0
worker1:326437:326539 [5] NCCL INFO Connected to proxy localRank 5 -> connection 0x7d43b8005fa8
worker0:337866:338049 [5] NCCL INFO New proxy recv connection 33 from local rank 5, transport 0
worker1:326437:326549 [5] NCCL INFO New proxy recv connection 36 from local rank 5, transport 0
worker1:326437:326539 [5] NCCL INFO Connected to proxy localRank 5 -> connection 0x7d43b8006020
worker0:337866:337973 [5] NCCL INFO Connected to proxy localRank 5 -> connection 0x7f0208005eb8
worker1:326437:326549 [5] NCCL INFO New proxy recv connection 37 from local rank 5, transport 0
worker1:326437:326539 [5] NCCL INFO Connected to proxy localRank 5 -> connection 0x7d43b8006098
worker0:337865:338046 [4] NCCL INFO New proxy recv connection 39 from local rank 4, transport 0
worker1:326437:326549 [5] NCCL INFO New proxy recv connection 38 from local rank 5, transport 0
worker1:326437:326539 [5] NCCL INFO Connected to proxy localRank 5 -> connection 0x7d43b8006110
worker0:337865:337974 [4] NCCL INFO Connected to proxy localRank 4 -> connection 0x7508d0006188
worker1:326437:326549 [5] NCCL INFO New proxy recv connection 39 from local rank 5, transport 0
worker0:337866:338049 [5] NCCL INFO New proxy recv connection 34 from local rank 5, transport 0
worker1:326437:326539 [5] NCCL INFO Connected to proxy localRank 5 -> connection 0x7d43b8006188
worker0:337866:337973 [5] NCCL INFO Connected to proxy localRank 5 -> connection 0x7f0208005f30
worker1:326437:326549 [5] NCCL INFO New proxy recv connection 40 from local rank 5, transport 0
worker1:326437:326539 [5] NCCL INFO Connected to proxy localRank 5 -> connection 0x7d43b8006200
worker0:337865:338046 [4] NCCL INFO New proxy recv connection 40 from local rank 4, transport 0
worker0:337865:337974 [4] NCCL INFO Connected to proxy localRank 4 -> connection 0x7508d0006200
worker1:326437:326549 [5] NCCL INFO New proxy recv connection 41 from local rank 5, transport 0
worker0:337866:338049 [5] NCCL INFO New proxy recv connection 35 from local rank 5, transport 0
worker1:326437:326539 [5] NCCL INFO Connected to proxy localRank 5 -> connection 0x7d43b8006278
worker0:337866:337973 [5] NCCL INFO Connected to proxy localRank 5 -> connection 0x7f0208005fa8
worker1:326437:326549 [5] NCCL INFO New proxy recv connection 42 from local rank 5, transport 0
worker1:326437:326539 [5] NCCL INFO Connected to proxy localRank 5 -> connection 0x7d43b80062f0
worker0:337865:338046 [4] NCCL INFO New proxy recv connection 41 from local rank 4, transport 0
worker0:337865:337974 [4] NCCL INFO Connected to proxy localRank 4 -> connection 0x7508d0006278
worker1:326437:326549 [5] NCCL INFO New proxy recv connection 43 from local rank 5, transport 0
worker1:326437:326539 [5] NCCL INFO Connected to proxy localRank 5 -> connection 0x7d43b8006368
worker0:337865:338046 [4] NCCL INFO New proxy recv connection 42 from local rank 4, transport 0
worker1:326437:326549 [5] NCCL INFO New proxy recv connection 44 from local rank 5, transport 0
worker0:337865:337974 [4] NCCL INFO Connected to proxy localRank 4 -> connection 0x7508d00062f0
worker1:326437:326539 [5] NCCL INFO Connected to proxy localRank 5 -> connection 0x7d43b80063e0
worker0:337865:338046 [4] NCCL INFO New proxy recv connection 43 from local rank 4, transport 0
worker0:337865:337974 [4] NCCL INFO Connected to proxy localRank 4 -> connection 0x7508d0006368
worker1:326437:326549 [5] NCCL INFO New proxy recv connection 45 from local rank 5, transport 0
worker0:337866:338049 [5] NCCL INFO New proxy recv connection 36 from local rank 5, transport 0
worker1:326437:326539 [5] NCCL INFO Connected to proxy localRank 5 -> connection 0x7d43b8006458
worker0:337866:337973 [5] NCCL INFO Connected to proxy localRank 5 -> connection 0x7f0208006020
worker1:326437:326549 [5] NCCL INFO New proxy recv connection 46 from local rank 5, transport 0
worker0:337865:338046 [4] NCCL INFO New proxy recv connection 44 from local rank 4, transport 0
worker0:337865:337974 [4] NCCL INFO Connected to proxy localRank 4 -> connection 0x7508d00063e0
worker1:326437:326539 [5] NCCL INFO Connected to proxy localRank 5 -> connection 0x7d43b80064d0
worker0:337866:338049 [5] NCCL INFO New proxy recv connection 37 from local rank 5, transport 0
worker1:326437:326549 [5] NCCL INFO New proxy recv connection 47 from local rank 5, transport 0
worker0:337866:337973 [5] NCCL INFO Connected to proxy localRank 5 -> connection 0x7f0208006098
worker1:326437:326539 [5] NCCL INFO Connected to proxy localRank 5 -> connection 0x7d43b8006548
worker0:337865:338046 [4] NCCL INFO New proxy recv connection 45 from local rank 4, transport 0
worker1:326437:326539 [5] NCCL INFO Channel 00/0 : 13[5] -> 14[6] via P2P/CUMEM
worker0:337865:337974 [4] NCCL INFO Connected to proxy localRank 4 -> connection 0x7508d0006458
worker1:326437:326549 [5] NCCL INFO New proxy send connection 48 from local rank 5, transport 0
worker0:337866:338049 [5] NCCL INFO New proxy recv connection 38 from local rank 5, transport 0
worker1:326437:326539 [5] NCCL INFO Connected to proxy localRank 5 -> connection 0x7d43b80065c0
worker0:337866:337973 [5] NCCL INFO Connected to proxy localRank 5 -> connection 0x7f0208006110
worker1:326437:326539 [5] NCCL INFO Channel 01/0 : 13[5] -> 14[6] via P2P/CUMEM
worker0:337865:338046 [4] NCCL INFO New proxy recv connection 46 from local rank 4, transport 0
worker1:326437:326549 [5] NCCL INFO New proxy send connection 49 from local rank 5, transport 0
worker0:337865:337974 [4] NCCL INFO Connected to proxy localRank 4 -> connection 0x7508d00064d0
worker1:326437:326539 [5] NCCL INFO Connected to proxy localRank 5 -> connection 0x7d43b8006638
worker0:337866:338049 [5] NCCL INFO New proxy recv connection 39 from local rank 5, transport 0
worker1:326437:326539 [5] NCCL INFO Channel 02/0 : 13[5] -> 14[6] via P2P/CUMEM
worker0:337866:337973 [5] NCCL INFO Connected to proxy localRank 5 -> connection 0x7f0208006188
worker1:326437:326549 [5] NCCL INFO New proxy send connection 50 from local rank 5, transport 0
worker0:337865:338046 [4] NCCL INFO New proxy recv connection 47 from local rank 4, transport 0
worker1:326437:326539 [5] NCCL INFO Connected to proxy localRank 5 -> connection 0x7d43b80066b0
worker0:337865:337974 [4] NCCL INFO Connected to proxy localRank 4 -> connection 0x7508d0006548
worker1:326437:326539 [5] NCCL INFO Channel 03/0 : 13[5] -> 14[6] via P2P/CUMEM
worker0:337866:338049 [5] NCCL INFO New proxy recv connection 40 from local rank 5, transport 0
worker1:326437:326549 [5] NCCL INFO New proxy send connection 51 from local rank 5, transport 0
worker0:337866:337973 [5] NCCL INFO Connected to proxy localRank 5 -> connection 0x7f0208006200
worker1:326437:326539 [5] NCCL INFO Connected to proxy localRank 5 -> connection 0x7d43b8006728
worker0:337865:337974 [4] NCCL INFO Channel 00/0 : 4[4] -> 5[5] via P2P/CUMEM
worker1:326437:326539 [5] NCCL INFO Channel 04/0 : 13[5] -> 14[6] via P2P/CUMEM
worker0:337865:338046 [4] NCCL INFO New proxy send connection 48 from local rank 4, transport 0
worker1:326437:326549 [5] NCCL INFO New proxy send connection 52 from local rank 5, transport 0
worker0:337865:337974 [4] NCCL INFO Connected to proxy localRank 4 -> connection 0x7508d00065c0
worker1:326437:326539 [5] NCCL INFO Connected to proxy localRank 5 -> connection 0x7d43b80067a0
worker0:337866:338049 [5] NCCL INFO New proxy recv connection 41 from local rank 5, transport 0
worker1:326437:326539 [5] NCCL INFO Channel 05/0 : 13[5] -> 14[6] via P2P/CUMEM
worker0:337866:337973 [5] NCCL INFO Connected to proxy localRank 5 -> connection 0x7f0208006278
worker1:326437:326549 [5] NCCL INFO New proxy send connection 53 from local rank 5, transport 0
worker0:337865:337974 [4] NCCL INFO Channel 01/0 : 4[4] -> 5[5] via P2P/CUMEM
worker1:326437:326539 [5] NCCL INFO Connected to proxy localRank 5 -> connection 0x7d43b8006818
worker0:337865:338046 [4] NCCL INFO New proxy send connection 49 from local rank 4, transport 0
worker1:326437:326539 [5] NCCL INFO Channel 06/0 : 13[5] -> 14[6] via P2P/CUMEM
worker0:337865:337974 [4] NCCL INFO Connected to proxy localRank 4 -> connection 0x7508d0006638
worker1:326437:326549 [5] NCCL INFO New proxy send connection 54 from local rank 5, transport 0
worker0:337866:338049 [5] NCCL INFO New proxy recv connection 42 from local rank 5, transport 0
worker0:337866:337973 [5] NCCL INFO Connected to proxy localRank 5 -> connection 0x7f02080062f0
worker1:326437:326539 [5] NCCL INFO Connected to proxy localRank 5 -> connection 0x7d43b8006890
worker0:337865:337974 [4] NCCL INFO Channel 02/0 : 4[4] -> 5[5] via P2P/CUMEM
worker1:326437:326539 [5] NCCL INFO Channel 07/0 : 13[5] -> 14[6] via P2P/CUMEM
worker0:337865:338046 [4] NCCL INFO New proxy send connection 50 from local rank 4, transport 0
worker1:326437:326549 [5] NCCL INFO New proxy send connection 55 from local rank 5, transport 0
worker0:337865:337974 [4] NCCL INFO Connected to proxy localRank 4 -> connection 0x7508d00066b0
worker1:326437:326539 [5] NCCL INFO Connected to proxy localRank 5 -> connection 0x7d43b8006908
worker0:337866:338049 [5] NCCL INFO New proxy recv connection 43 from local rank 5, transport 0
worker1:326437:326539 [5] NCCL INFO Channel 08/0 : 13[5] -> 14[6] via P2P/CUMEM
worker0:337866:337973 [5] NCCL INFO Connected to proxy localRank 5 -> connection 0x7f0208006368
worker1:326437:326549 [5] NCCL INFO New proxy send connection 56 from local rank 5, transport 0
worker0:337865:337974 [4] NCCL INFO Channel 03/0 : 4[4] -> 5[5] via P2P/CUMEM
worker1:326437:326539 [5] NCCL INFO Connected to proxy localRank 5 -> connection 0x7d43b8006980
worker0:337865:338046 [4] NCCL INFO New proxy send connection 51 from local rank 4, transport 0
worker1:326437:326539 [5] NCCL INFO Channel 09/0 : 13[5] -> 14[6] via P2P/CUMEM
worker0:337865:337974 [4] NCCL INFO Connected to proxy localRank 4 -> connection 0x7508d0006728
worker1:326437:326549 [5] NCCL INFO New proxy send connection 57 from local rank 5, transport 0
worker0:337866:338049 [5] NCCL INFO New proxy recv connection 44 from local rank 5, transport 0
worker0:337866:337973 [5] NCCL INFO Connected to proxy localRank 5 -> connection 0x7f02080063e0
worker1:326437:326539 [5] NCCL INFO Connected to proxy localRank 5 -> connection 0x7d43b80069f8
worker0:337865:337974 [4] NCCL INFO Channel 04/0 : 4[4] -> 5[5] via P2P/CUMEM
worker1:326437:326539 [5] NCCL INFO Channel 10/0 : 13[5] -> 14[6] via P2P/CUMEM
worker0:337865:338046 [4] NCCL INFO New proxy send connection 52 from local rank 4, transport 0
worker1:326437:326549 [5] NCCL INFO New proxy send connection 58 from local rank 5, transport 0
worker0:337865:337974 [4] NCCL INFO Connected to proxy localRank 4 -> connection 0x7508d00067a0
worker1:326437:326539 [5] NCCL INFO Connected to proxy localRank 5 -> connection 0x7d43b8006a70
worker0:337866:338049 [5] NCCL INFO New proxy recv connection 45 from local rank 5, transport 0
worker1:326437:326539 [5] NCCL INFO Channel 11/0 : 13[5] -> 14[6] via P2P/CUMEM
worker0:337866:337973 [5] NCCL INFO Connected to proxy localRank 5 -> connection 0x7f0208006458
worker1:326437:326549 [5] NCCL INFO New proxy send connection 59 from local rank 5, transport 0
worker0:337865:337974 [4] NCCL INFO Channel 05/0 : 4[4] -> 5[5] via P2P/CUMEM
worker1:326437:326539 [5] NCCL INFO Connected to proxy localRank 5 -> connection 0x7d43b8006ae8
worker0:337865:338046 [4] NCCL INFO New proxy send connection 53 from local rank 4, transport 0
worker1:326437:326539 [5] NCCL INFO Channel 12/0 : 13[5] -> 14[6] via P2P/CUMEM
worker0:337865:337974 [4] NCCL INFO Connected to proxy localRank 4 -> connection 0x7508d0006818
worker1:326437:326549 [5] NCCL INFO New proxy send connection 60 from local rank 5, transport 0
worker0:337866:338049 [5] NCCL INFO New proxy recv connection 46 from local rank 5, transport 0
worker1:326437:326539 [5] NCCL INFO Connected to proxy localRank 5 -> connection 0x7d43b8006b60
worker0:337866:337973 [5] NCCL INFO Connected to proxy localRank 5 -> connection 0x7f02080064d0
worker1:326437:326539 [5] NCCL INFO Channel 13/0 : 13[5] -> 14[6] via P2P/CUMEM
worker0:337865:337974 [4] NCCL INFO Channel 06/0 : 4[4] -> 5[5] via P2P/CUMEM
worker1:326437:326549 [5] NCCL INFO New proxy send connection 61 from local rank 5, transport 0
worker0:337865:338046 [4] NCCL INFO New proxy send connection 54 from local rank 4, transport 0
worker1:326437:326539 [5] NCCL INFO Connected to proxy localRank 5 -> connection 0x7d43b8006bd8
worker0:337865:337974 [4] NCCL INFO Connected to proxy localRank 4 -> connection 0x7508d0006890
worker1:326437:326539 [5] NCCL INFO Channel 14/0 : 13[5] -> 14[6] via P2P/CUMEM
worker0:337866:338049 [5] NCCL INFO New proxy recv connection 47 from local rank 5, transport 0
worker1:326437:326549 [5] NCCL INFO New proxy send connection 62 from local rank 5, transport 0
worker0:337866:337973 [5] NCCL INFO Connected to proxy localRank 5 -> connection 0x7f0208006548
worker1:326437:326539 [5] NCCL INFO Connected to proxy localRank 5 -> connection 0x7d43b8006c50
worker0:337865:337974 [4] NCCL INFO Channel 07/0 : 4[4] -> 5[5] via P2P/CUMEM
worker1:326437:326539 [5] NCCL INFO Channel 15/0 : 13[5] -> 14[6] via P2P/CUMEM
worker0:337865:338046 [4] NCCL INFO New proxy send connection 55 from local rank 4, transport 0
worker1:326437:326549 [5] NCCL INFO New proxy send connection 63 from local rank 5, transport 0
worker0:337865:337974 [4] NCCL INFO Connected to proxy localRank 4 -> connection 0x7508d0006908
worker1:326437:326539 [5] NCCL INFO Connected to proxy localRank 5 -> connection 0x7d43b8006cc8
worker0:337866:337973 [5] NCCL INFO Channel 00/0 : 5[5] -> 6[6] via P2P/CUMEM
worker0:337866:338049 [5] NCCL INFO New proxy send connection 48 from local rank 5, transport 0
worker0:337866:337973 [5] NCCL INFO Connected to proxy localRank 5 -> connection 0x7f02080065c0
worker0:337865:337974 [4] NCCL INFO Channel 08/0 : 4[4] -> 5[5] via P2P/CUMEM
worker0:337865:338046 [4] NCCL INFO New proxy send connection 56 from local rank 4, transport 0
worker0:337865:337974 [4] NCCL INFO Connected to proxy localRank 4 -> connection 0x7508d0006980
worker0:337866:337973 [5] NCCL INFO Channel 01/0 : 5[5] -> 6[6] via P2P/CUMEM
worker0:337866:338049 [5] NCCL INFO New proxy send connection 49 from local rank 5, transport 0
worker0:337866:337973 [5] NCCL INFO Connected to proxy localRank 5 -> connection 0x7f0208006638
worker0:337865:337974 [4] NCCL INFO Channel 09/0 : 4[4] -> 5[5] via P2P/CUMEM
worker0:337865:338046 [4] NCCL INFO New proxy send connection 57 from local rank 4, transport 0
worker0:337865:337974 [4] NCCL INFO Connected to proxy localRank 4 -> connection 0x7508d00069f8
worker0:337866:337973 [5] NCCL INFO Channel 02/0 : 5[5] -> 6[6] via P2P/CUMEM
worker0:337866:338049 [5] NCCL INFO New proxy send connection 50 from local rank 5, transport 0
worker0:337866:337973 [5] NCCL INFO Connected to proxy localRank 5 -> connection 0x7f02080066b0
worker0:337865:337974 [4] NCCL INFO Channel 10/0 : 4[4] -> 5[5] via P2P/CUMEM
worker0:337865:338046 [4] NCCL INFO New proxy send connection 58 from local rank 4, transport 0
worker0:337865:337974 [4] NCCL INFO Connected to proxy localRank 4 -> connection 0x7508d0006a70
worker0:337866:337973 [5] NCCL INFO Channel 03/0 : 5[5] -> 6[6] via P2P/CUMEM
worker0:337866:338049 [5] NCCL INFO New proxy send connection 51 from local rank 5, transport 0
worker0:337866:337973 [5] NCCL INFO Connected to proxy localRank 5 -> connection 0x7f0208006728
worker0:337865:337974 [4] NCCL INFO Channel 11/0 : 4[4] -> 5[5] via P2P/CUMEM
worker0:337865:338046 [4] NCCL INFO New proxy send connection 59 from local rank 4, transport 0
worker0:337865:337974 [4] NCCL INFO Connected to proxy localRank 4 -> connection 0x7508d0006ae8
worker0:337866:337973 [5] NCCL INFO Channel 04/0 : 5[5] -> 6[6] via P2P/CUMEM
worker0:337866:338049 [5] NCCL INFO New proxy send connection 52 from local rank 5, transport 0
worker0:337866:337973 [5] NCCL INFO Connected to proxy localRank 5 -> connection 0x7f02080067a0
worker0:337865:337974 [4] NCCL INFO Channel 12/0 : 4[4] -> 5[5] via P2P/CUMEM
worker0:337865:338046 [4] NCCL INFO New proxy send connection 60 from local rank 4, transport 0
worker0:337865:337974 [4] NCCL INFO Connected to proxy localRank 4 -> connection 0x7508d0006b60
worker0:337866:337973 [5] NCCL INFO Channel 05/0 : 5[5] -> 6[6] via P2P/CUMEM
worker0:337866:338049 [5] NCCL INFO New proxy send connection 53 from local rank 5, transport 0
worker0:337866:337973 [5] NCCL INFO Connected to proxy localRank 5 -> connection 0x7f0208006818
worker0:337865:337974 [4] NCCL INFO Channel 13/0 : 4[4] -> 5[5] via P2P/CUMEM
worker0:337865:338046 [4] NCCL INFO New proxy send connection 61 from local rank 4, transport 0
worker0:337865:337974 [4] NCCL INFO Connected to proxy localRank 4 -> connection 0x7508d0006bd8
worker0:337866:337973 [5] NCCL INFO Channel 06/0 : 5[5] -> 6[6] via P2P/CUMEM
worker0:337866:338049 [5] NCCL INFO New proxy send connection 54 from local rank 5, transport 0
worker0:337866:337973 [5] NCCL INFO Connected to proxy localRank 5 -> connection 0x7f0208006890
worker0:337865:337974 [4] NCCL INFO Channel 14/0 : 4[4] -> 5[5] via P2P/CUMEM
worker0:337865:338046 [4] NCCL INFO New proxy send connection 62 from local rank 4, transport 0
worker0:337865:337974 [4] NCCL INFO Connected to proxy localRank 4 -> connection 0x7508d0006c50
worker0:337866:337973 [5] NCCL INFO Channel 07/0 : 5[5] -> 6[6] via P2P/CUMEM
worker0:337866:338049 [5] NCCL INFO New proxy send connection 55 from local rank 5, transport 0
worker0:337866:337973 [5] NCCL INFO Connected to proxy localRank 5 -> connection 0x7f0208006908
worker0:337865:337974 [4] NCCL INFO Channel 15/0 : 4[4] -> 5[5] via P2P/CUMEM
worker0:337865:338046 [4] NCCL INFO New proxy send connection 63 from local rank 4, transport 0
worker0:337865:337974 [4] NCCL INFO Connected to proxy localRank 4 -> connection 0x7508d0006cc8
worker0:337866:337973 [5] NCCL INFO Channel 08/0 : 5[5] -> 6[6] via P2P/CUMEM
worker0:337866:338049 [5] NCCL INFO New proxy send connection 56 from local rank 5, transport 0
worker0:337866:337973 [5] NCCL INFO Connected to proxy localRank 5 -> connection 0x7f0208006980
worker0:337866:337973 [5] NCCL INFO Channel 09/0 : 5[5] -> 6[6] via P2P/CUMEM
worker0:337866:338049 [5] NCCL INFO New proxy send connection 57 from local rank 5, transport 0
worker0:337866:337973 [5] NCCL INFO Connected to proxy localRank 5 -> connection 0x7f02080069f8
worker0:337866:337973 [5] NCCL INFO Channel 10/0 : 5[5] -> 6[6] via P2P/CUMEM
worker0:337866:338049 [5] NCCL INFO New proxy send connection 58 from local rank 5, transport 0
worker0:337866:337973 [5] NCCL INFO Connected to proxy localRank 5 -> connection 0x7f0208006a70
worker0:337866:337973 [5] NCCL INFO Channel 11/0 : 5[5] -> 6[6] via P2P/CUMEM
worker0:337866:338049 [5] NCCL INFO New proxy send connection 59 from local rank 5, transport 0
worker0:337866:337973 [5] NCCL INFO Connected to proxy localRank 5 -> connection 0x7f0208006ae8
worker0:337866:337973 [5] NCCL INFO Channel 12/0 : 5[5] -> 6[6] via P2P/CUMEM
worker0:337866:338049 [5] NCCL INFO New proxy send connection 60 from local rank 5, transport 0
worker0:337866:337973 [5] NCCL INFO Connected to proxy localRank 5 -> connection 0x7f0208006b60
worker0:337866:337973 [5] NCCL INFO Channel 13/0 : 5[5] -> 6[6] via P2P/CUMEM
worker0:337866:338049 [5] NCCL INFO New proxy send connection 61 from local rank 5, transport 0
worker0:337866:337973 [5] NCCL INFO Connected to proxy localRank 5 -> connection 0x7f0208006bd8
worker0:337866:337973 [5] NCCL INFO Channel 14/0 : 5[5] -> 6[6] via P2P/CUMEM
worker0:337866:338049 [5] NCCL INFO New proxy send connection 62 from local rank 5, transport 0
worker0:337866:337973 [5] NCCL INFO Connected to proxy localRank 5 -> connection 0x7f0208006c50
worker0:337866:337973 [5] NCCL INFO Channel 15/0 : 5[5] -> 6[6] via P2P/CUMEM
worker0:337866:338049 [5] NCCL INFO New proxy send connection 63 from local rank 5, transport 0
worker0:337866:337973 [5] NCCL INFO Connected to proxy localRank 5 -> connection 0x7f0208006cc8
