worker1:326432:326541 [0] NCCL INFO Channel 05/0 : 8[0] -> 15[7] via P2P/CUMEM
worker0:337863:338045 [2] NCCL INFO New proxy send connection 22 from local rank 2, transport 0
worker1:326432:326552 [0] NCCL INFO New proxy send connection 21 from local rank 0, transport 0
worker0:337863:337969 [2] NCCL INFO Connected to proxy localRank 2 -> connection 0x722b40005990
worker1:326432:326541 [0] NCCL INFO Connected to proxy localRank 0 -> connection 0x733860005918
worker0:337864:338048 [3] NCCL INFO New proxy send connection 29 from local rank 3, transport 0
worker1:326432:326541 [0] NCCL INFO Channel 06/0 : 8[0] -> 15[7] via P2P/CUMEM
worker0:337864:337975 [3] NCCL INFO Connected to proxy localRank 3 -> connection 0x7709bc005cd8
worker1:326432:326552 [0] NCCL INFO New proxy send connection 22 from local rank 0, transport 0
worker0:337866:338049 [5] NCCL INFO New proxy recv connection 13 from local rank 5, transport 0
worker0:337866:337973 [5] NCCL INFO Connected to proxy localRank 5 -> connection 0x7f0208005558
worker1:326432:326541 [0] NCCL INFO Connected to proxy localRank 0 -> connection 0x733860005990
worker0:337868:337971 [7] NCCL INFO Channel 03/0 : 7[7] -> 6[6] via P2P/CUMEM
worker1:326433:326555 [1] NCCL INFO New proxy recv connection 21 from local rank 1, transport 0
worker0:337868:338043 [7] NCCL INFO New proxy send connection 19 from local rank 7, transport 0
worker1:326433:326545 [1] NCCL INFO Connected to proxy localRank 1 -> connection 0x711a5c005918
worker0:337868:337971 [7] NCCL INFO Connected to proxy localRank 7 -> connection 0x784ed4005828
worker1:326432:326541 [0] NCCL INFO Channel 07/0 : 8[0] -> 15[7] via P2P/CUMEM
worker0:337868:337971 [7] NCCL INFO Channel 04/0 : 7[7] -> 6[6] via P2P/CUMEM
worker1:326432:326552 [0] NCCL INFO New proxy send connection 23 from local rank 0, transport 0
worker0:337868:338043 [7] NCCL INFO New proxy send connection 20 from local rank 7, transport 0
worker1:326432:326541 [0] NCCL INFO Connected to proxy localRank 0 -> connection 0x733860005a08
worker1:326433:326555 [1] NCCL INFO New proxy recv connection 22 from local rank 1, transport 0
worker0:337868:337971 [7] NCCL INFO Connected to proxy localRank 7 -> connection 0x784ed40058a0
worker1:326433:326545 [1] NCCL INFO Connected to proxy localRank 1 -> connection 0x711a5c005990
worker0:337866:338049 [5] NCCL INFO New proxy recv connection 14 from local rank 5, transport 0
worker1:326432:326541 [0] NCCL INFO Channel 08/0 : 8[0] -> 15[7] via P2P/CUMEM
worker0:337865:337974 [4] NCCL INFO Channel 08/0 : 4[4] -> 3[3] via P2P/CUMEM
worker1:326432:326552 [0] NCCL INFO New proxy send connection 24 from local rank 0, transport 0
worker0:337866:337973 [5] NCCL INFO Connected to proxy localRank 5 -> connection 0x7f02080055d0
worker1:326432:326541 [0] NCCL INFO Connected to proxy localRank 0 -> connection 0x733860005a80
worker0:337865:338046 [4] NCCL INFO New proxy send connection 24 from local rank 4, transport 0
worker0:337865:337974 [4] NCCL INFO Connected to proxy localRank 4 -> connection 0x7508d0005a80
worker1:326433:326555 [1] NCCL INFO New proxy recv connection 23 from local rank 1, transport 0
worker1:326433:326545 [1] NCCL INFO Connected to proxy localRank 1 -> connection 0x711a5c005a08
worker0:337868:337971 [7] NCCL INFO Channel 05/0 : 7[7] -> 6[6] via P2P/CUMEM
worker1:326432:326541 [0] NCCL INFO Channel 09/0 : 8[0] -> 15[7] via P2P/CUMEM
worker0:337868:338043 [7] NCCL INFO New proxy send connection 21 from local rank 7, transport 0
worker1:326432:326552 [0] NCCL INFO New proxy send connection 25 from local rank 0, transport 0
worker0:337868:337971 [7] NCCL INFO Connected to proxy localRank 7 -> connection 0x784ed4005918
worker1:326432:326541 [0] NCCL INFO Connected to proxy localRank 0 -> connection 0x733860005af8
worker0:337867:337970 [6] NCCL INFO Channel 13/0 : 6[6] -> 5[5] via P2P/CUMEM
worker1:326433:326555 [1] NCCL INFO New proxy recv connection 24 from local rank 1, transport 0
worker0:337867:338044 [6] NCCL INFO New proxy send connection 29 from local rank 6, transport 0
worker0:337863:337969 [2] NCCL INFO Channel 07/0 : 2[2] -> 1[1] via P2P/CUMEM
worker1:326433:326545 [1] NCCL INFO Connected to proxy localRank 1 -> connection 0x711a5c005a80
worker0:337867:337970 [6] NCCL INFO Connected to proxy localRank 6 -> connection 0x7769c0005cd8
worker1:326433:326555 [1] NCCL INFO New proxy recv connection 25 from local rank 1, transport 0
worker0:337863:338045 [2] NCCL INFO New proxy send connection 23 from local rank 2, transport 0
worker0:337863:337969 [2] NCCL INFO Connected to proxy localRank 2 -> connection 0x722b40005a08
worker1:326433:326545 [1] NCCL INFO Connected to proxy localRank 1 -> connection 0x711a5c005af8
worker0:337863:337969 [2] NCCL INFO Channel 08/0 : 2[2] -> 1[1] via P2P/CUMEM
worker1:326432:326541 [0] NCCL INFO Channel 10/0 : 8[0] -> 15[7] via P2P/CUMEM
worker0:337863:338045 [2] NCCL INFO New proxy send connection 24 from local rank 2, transport 0
worker1:326432:326552 [0] NCCL INFO New proxy send connection 26 from local rank 0, transport 0
worker0:337863:337969 [2] NCCL INFO Connected to proxy localRank 2 -> connection 0x722b40005a80
worker1:326432:326541 [0] NCCL INFO Connected to proxy localRank 0 -> connection 0x733860005b70
worker0:337865:337974 [4] NCCL INFO Channel 09/0 : 4[4] -> 3[3] via P2P/CUMEM
worker0:337865:338046 [4] NCCL INFO New proxy send connection 25 from local rank 4, transport 0
worker1:326432:326541 [0] NCCL INFO Channel 11/0 : 8[0] -> 15[7] via P2P/CUMEM
worker0:337865:337974 [4] NCCL INFO Connected to proxy localRank 4 -> connection 0x7508d0005af8
worker1:326432:326552 [0] NCCL INFO New proxy send connection 27 from local rank 0, transport 0
worker0:337866:338049 [5] NCCL INFO New proxy recv connection 15 from local rank 5, transport 0
worker0:337867:337970 [6] NCCL INFO Channel 14/0 : 6[6] -> 5[5] via P2P/CUMEM
worker0:337866:337973 [5] NCCL INFO Connected to proxy localRank 5 -> connection 0x7f0208005648
worker1:326432:326541 [0] NCCL INFO Connected to proxy localRank 0 -> connection 0x733860005be8
worker0:337867:338044 [6] NCCL INFO New proxy send connection 30 from local rank 6, transport 0
worker1:326433:326555 [1] NCCL INFO New proxy recv connection 26 from local rank 1, transport 0
worker0:337867:337970 [6] NCCL INFO Connected to proxy localRank 6 -> connection 0x7769c0005d50
worker1:326433:326545 [1] NCCL INFO Connected to proxy localRank 1 -> connection 0x711a5c005b70
worker0:337864:337975 [3] NCCL INFO Channel 14/0 : 3[3] -> 2[2] via P2P/CUMEM
worker0:337864:338048 [3] NCCL INFO New proxy send connection 30 from local rank 3, transport 0
worker1:326433:326555 [1] NCCL INFO New proxy recv connection 27 from local rank 1, transport 0
worker1:326433:326545 [1] NCCL INFO Connected to proxy localRank 1 -> connection 0x711a5c005be8
worker0:337864:337975 [3] NCCL INFO Connected to proxy localRank 3 -> connection 0x7709bc005d50
worker1:326433:326555 [1] NCCL INFO New proxy recv connection 28 from local rank 1, transport 0
worker0:337863:337969 [2] NCCL INFO Channel 09/0 : 2[2] -> 1[1] via P2P/CUMEM
worker1:326433:326545 [1] NCCL INFO Connected to proxy localRank 1 -> connection 0x711a5c005c60
worker0:337863:338045 [2] NCCL INFO New proxy send connection 25 from local rank 2, transport 0
worker0:337863:337969 [2] NCCL INFO Connected to proxy localRank 2 -> connection 0x722b40005af8
worker1:326432:326541 [0] NCCL INFO Channel 12/0 : 8[0] -> 15[7] via P2P/CUMEM
worker0:337868:337971 [7] NCCL INFO Channel 06/0 : 7[7] -> 6[6] via P2P/CUMEM
worker0:337868:338043 [7] NCCL INFO New proxy send connection 22 from local rank 7, transport 0
worker1:326432:326552 [0] NCCL INFO New proxy send connection 28 from local rank 0, transport 0
worker0:337868:337971 [7] NCCL INFO Connected to proxy localRank 7 -> connection 0x784ed4005990
worker1:326432:326541 [0] NCCL INFO Connected to proxy localRank 0 -> connection 0x733860005c60
worker0:337868:337971 [7] NCCL INFO Channel 07/0 : 7[7] -> 6[6] via P2P/CUMEM
worker1:326433:326555 [1] NCCL INFO New proxy recv connection 29 from local rank 1, transport 0
worker1:326433:326545 [1] NCCL INFO Connected to proxy localRank 1 -> connection 0x711a5c005cd8
worker0:337868:338043 [7] NCCL INFO New proxy send connection 23 from local rank 7, transport 0
worker0:337866:337973 [5] NCCL INFO Channel 00/0 : 5[5] -> 4[4] via P2P/CUMEM
worker1:326432:326541 [0] NCCL INFO Channel 13/0 : 8[0] -> 15[7] via P2P/CUMEM
worker0:337868:337971 [7] NCCL INFO Connected to proxy localRank 7 -> connection 0x784ed4005a08
worker1:326432:326552 [0] NCCL INFO New proxy send connection 29 from local rank 0, transport 0
worker0:337866:338049 [5] NCCL INFO New proxy send connection 16 from local rank 5, transport 0
worker0:337865:337974 [4] NCCL INFO Channel 10/0 : 4[4] -> 3[3] via P2P/CUMEM
worker0:337866:337973 [5] NCCL INFO Connected to proxy localRank 5 -> connection 0x7f02080056c0
worker1:326432:326541 [0] NCCL INFO Connected to proxy localRank 0 -> connection 0x733860005cd8
worker0:337865:338046 [4] NCCL INFO New proxy send connection 26 from local rank 4, transport 0
worker1:326433:326555 [1] NCCL INFO New proxy recv connection 30 from local rank 1, transport 0
worker0:337864:337975 [3] NCCL INFO Channel 15/0 : 3[3] -> 2[2] via P2P/CUMEM
worker1:326433:326545 [1] NCCL INFO Connected to proxy localRank 1 -> connection 0x711a5c005d50
worker0:337865:337974 [4] NCCL INFO Connected to proxy localRank 4 -> connection 0x7508d0005b70
worker1:326432:326541 [0] NCCL INFO Channel 14/0 : 8[0] -> 15[7] via P2P/CUMEM
worker0:337864:338048 [3] NCCL INFO New proxy send connection 31 from local rank 3, transport 0
worker0:337863:337969 [2] NCCL INFO Channel 10/0 : 2[2] -> 1[1] via P2P/CUMEM
worker0:337864:337975 [3] NCCL INFO Connected to proxy localRank 3 -> connection 0x7709bc005dc8
worker1:326432:326552 [0] NCCL INFO New proxy send connection 30 from local rank 0, transport 0
worker0:337863:338045 [2] NCCL INFO New proxy send connection 26 from local rank 2, transport 0
worker1:326432:326541 [0] NCCL INFO Connected to proxy localRank 0 -> connection 0x733860005d50
worker0:337863:337969 [2] NCCL INFO Connected to proxy localRank 2 -> connection 0x722b40005b70
worker1:326433:326555 [1] NCCL INFO New proxy recv connection 31 from local rank 1, transport 0
worker1:326432:326541 [0] NCCL INFO Channel 15/0 : 8[0] -> 15[7] via P2P/CUMEM
worker0:337867:337970 [6] NCCL INFO Channel 15/0 : 6[6] -> 5[5] via P2P/CUMEM
worker1:326433:326545 [1] NCCL INFO Connected to proxy localRank 1 -> connection 0x711a5c005dc8
worker0:337867:338044 [6] NCCL INFO New proxy send connection 31 from local rank 6, transport 0
worker1:326432:326552 [0] NCCL INFO New proxy send connection 31 from local rank 0, transport 0
worker0:337867:337970 [6] NCCL INFO Connected to proxy localRank 6 -> connection 0x7769c0005dc8
worker1:326432:326541 [0] NCCL INFO Connected to proxy localRank 0 -> connection 0x733860005dc8
worker0:337865:337974 [4] NCCL INFO Channel 11/0 : 4[4] -> 3[3] via P2P/CUMEM
worker1:326439:326538 [7] NCCL INFO Channel 00/0 : 15[7] -> 14[6] via P2P/CUMEM
worker0:337865:338046 [4] NCCL INFO New proxy send connection 27 from local rank 4, transport 0
worker1:326439:326554 [7] NCCL INFO New proxy send connection 16 from local rank 7, transport 0
worker0:337865:337974 [4] NCCL INFO Connected to proxy localRank 4 -> connection 0x7508d0005be8
worker1:326439:326538 [7] NCCL INFO Connected to proxy localRank 7 -> connection 0x7258e80056c0
worker0:337868:337971 [7] NCCL INFO Channel 08/0 : 7[7] -> 6[6] via P2P/CUMEM
worker1:326439:326538 [7] NCCL INFO Channel 01/0 : 15[7] -> 14[6] via P2P/CUMEM
worker0:337868:338043 [7] NCCL INFO New proxy send connection 24 from local rank 7, transport 0
worker0:337866:337973 [5] NCCL INFO Channel 01/0 : 5[5] -> 4[4] via P2P/CUMEM
worker1:326439:326554 [7] NCCL INFO New proxy send connection 17 from local rank 7, transport 0
worker0:337868:337971 [7] NCCL INFO Connected to proxy localRank 7 -> connection 0x784ed4005a80
worker1:326439:326538 [7] NCCL INFO Connected to proxy localRank 7 -> connection 0x7258e8005738
worker0:337866:338049 [5] NCCL INFO New proxy send connection 17 from local rank 5, transport 0
worker1:326439:326538 [7] NCCL INFO Channel 02/0 : 15[7] -> 14[6] via P2P/CUMEM
worker0:337866:337973 [5] NCCL INFO Connected to proxy localRank 5 -> connection 0x7f0208005738
worker1:326439:326554 [7] NCCL INFO New proxy send connection 18 from local rank 7, transport 0
worker0:337863:337969 [2] NCCL INFO Channel 11/0 : 2[2] -> 1[1] via P2P/CUMEM
worker0:337863:338045 [2] NCCL INFO New proxy send connection 27 from local rank 2, transport 0
worker1:326439:326538 [7] NCCL INFO Connected to proxy localRank 7 -> connection 0x7258e80057b0
worker0:337863:337969 [2] NCCL INFO Connected to proxy localRank 2 -> connection 0x722b40005be8
worker1:326439:326538 [7] NCCL INFO Channel 03/0 : 15[7] -> 14[6] via P2P/CUMEM
worker0:337865:337974 [4] NCCL INFO Channel 12/0 : 4[4] -> 3[3] via P2P/CUMEM
worker0:337865:338046 [4] NCCL INFO New proxy send connection 28 from local rank 4, transport 0
worker1:326439:326554 [7] NCCL INFO New proxy send connection 19 from local rank 7, transport 0
worker0:337865:337974 [4] NCCL INFO Connected to proxy localRank 4 -> connection 0x7508d0005c60
worker1:326439:326538 [7] NCCL INFO Connected to proxy localRank 7 -> connection 0x7258e8005828
worker0:337865:337974 [4] NCCL INFO Channel 13/0 : 4[4] -> 3[3] via P2P/CUMEM
worker1:326439:326538 [7] NCCL INFO Channel 04/0 : 15[7] -> 14[6] via P2P/CUMEM
worker0:337865:338046 [4] NCCL INFO New proxy send connection 29 from local rank 4, transport 0
worker0:337865:337974 [4] NCCL INFO Connected to proxy localRank 4 -> connection 0x7508d0005cd8
worker1:326439:326554 [7] NCCL INFO New proxy send connection 20 from local rank 7, transport 0
worker0:337868:337971 [7] NCCL INFO Channel 09/0 : 7[7] -> 6[6] via P2P/CUMEM
worker1:326439:326538 [7] NCCL INFO Connected to proxy localRank 7 -> connection 0x7258e80058a0
worker0:337866:337973 [5] NCCL INFO Channel 02/0 : 5[5] -> 4[4] via P2P/CUMEM
worker0:337868:338043 [7] NCCL INFO New proxy send connection 25 from local rank 7, transport 0
worker1:326439:326538 [7] NCCL INFO Channel 05/0 : 15[7] -> 14[6] via P2P/CUMEM
worker0:337868:337971 [7] NCCL INFO Connected to proxy localRank 7 -> connection 0x784ed4005af8
worker1:326439:326554 [7] NCCL INFO New proxy send connection 21 from local rank 7, transport 0
worker0:337866:338049 [5] NCCL INFO New proxy send connection 18 from local rank 5, transport 0
worker0:337863:337969 [2] NCCL INFO Channel 12/0 : 2[2] -> 1[1] via P2P/CUMEM
worker1:326439:326538 [7] NCCL INFO Connected to proxy localRank 7 -> connection 0x7258e8005918
worker0:337866:337973 [5] NCCL INFO Connected to proxy localRank 5 -> connection 0x7f02080057b0
worker1:326439:326538 [7] NCCL INFO Channel 06/0 : 15[7] -> 14[6] via P2P/CUMEM
worker0:337863:338045 [2] NCCL INFO New proxy send connection 28 from local rank 2, transport 0
worker0:337863:337969 [2] NCCL INFO Connected to proxy localRank 2 -> connection 0x722b40005c60
worker1:326439:326554 [7] NCCL INFO New proxy send connection 22 from local rank 7, transport 0
worker0:337868:337971 [7] NCCL INFO Channel 10/0 : 7[7] -> 6[6] via P2P/CUMEM
worker0:337868:338043 [7] NCCL INFO New proxy send connection 26 from local rank 7, transport 0
worker1:326439:326538 [7] NCCL INFO Connected to proxy localRank 7 -> connection 0x7258e8005990
worker0:337868:337971 [7] NCCL INFO Connected to proxy localRank 7 -> connection 0x784ed4005b70
worker1:326439:326538 [7] NCCL INFO Channel 07/0 : 15[7] -> 14[6] via P2P/CUMEM
worker0:337868:337971 [7] NCCL INFO Channel 11/0 : 7[7] -> 6[6] via P2P/CUMEM
worker1:326439:326554 [7] NCCL INFO New proxy send connection 23 from local rank 7, transport 0
worker0:337868:338043 [7] NCCL INFO New proxy send connection 27 from local rank 7, transport 0
worker1:326439:326538 [7] NCCL INFO Connected to proxy localRank 7 -> connection 0x7258e8005a08
worker0:337868:337971 [7] NCCL INFO Connected to proxy localRank 7 -> connection 0x784ed4005be8
worker1:326439:326538 [7] NCCL INFO Channel 08/0 : 15[7] -> 14[6] via P2P/CUMEM
worker0:337863:337969 [2] NCCL INFO Channel 13/0 : 2[2] -> 1[1] via P2P/CUMEM
worker1:326439:326554 [7] NCCL INFO New proxy send connection 24 from local rank 7, transport 0
worker0:337863:338045 [2] NCCL INFO New proxy send connection 29 from local rank 2, transport 0
worker1:326439:326538 [7] NCCL INFO Connected to proxy localRank 7 -> connection 0x7258e8005a80
worker0:337863:337969 [2] NCCL INFO Connected to proxy localRank 2 -> connection 0x722b40005cd8
worker1:326439:326538 [7] NCCL INFO Channel 09/0 : 15[7] -> 14[6] via P2P/CUMEM
worker0:337868:337971 [7] NCCL INFO Channel 12/0 : 7[7] -> 6[6] via P2P/CUMEM
worker1:326439:326554 [7] NCCL INFO New proxy send connection 25 from local rank 7, transport 0
worker0:337868:338043 [7] NCCL INFO New proxy send connection 28 from local rank 7, transport 0
worker0:337865:337974 [4] NCCL INFO Channel 14/0 : 4[4] -> 3[3] via P2P/CUMEM
worker1:326439:326538 [7] NCCL INFO Connected to proxy localRank 7 -> connection 0x7258e8005af8
worker0:337868:337971 [7] NCCL INFO Connected to proxy localRank 7 -> connection 0x784ed4005c60
worker1:326439:326538 [7] NCCL INFO Channel 10/0 : 15[7] -> 14[6] via P2P/CUMEM
worker0:337865:338046 [4] NCCL INFO New proxy send connection 30 from local rank 4, transport 0
worker0:337866:337973 [5] NCCL INFO Channel 03/0 : 5[5] -> 4[4] via P2P/CUMEM
worker1:326439:326554 [7] NCCL INFO New proxy send connection 26 from local rank 7, transport 0
worker0:337865:337974 [4] NCCL INFO Connected to proxy localRank 4 -> connection 0x7508d0005d50
worker1:326439:326538 [7] NCCL INFO Connected to proxy localRank 7 -> connection 0x7258e8005b70
worker0:337866:338049 [5] NCCL INFO New proxy send connection 19 from local rank 5, transport 0
worker1:326439:326538 [7] NCCL INFO Channel 11/0 : 15[7] -> 14[6] via P2P/CUMEM
worker0:337866:337973 [5] NCCL INFO Connected to proxy localRank 5 -> connection 0x7f0208005828
worker1:326439:326554 [7] NCCL INFO New proxy send connection 27 from local rank 7, transport 0
worker0:337863:337969 [2] NCCL INFO Channel 14/0 : 2[2] -> 1[1] via P2P/CUMEM
worker1:326439:326538 [7] NCCL INFO Connected to proxy localRank 7 -> connection 0x7258e8005be8
worker0:337863:338045 [2] NCCL INFO New proxy send connection 30 from local rank 2, transport 0
worker1:326439:326538 [7] NCCL INFO Channel 12/0 : 15[7] -> 14[6] via P2P/CUMEM
worker0:337863:337969 [2] NCCL INFO Connected to proxy localRank 2 -> connection 0x722b40005d50
worker1:326439:326554 [7] NCCL INFO New proxy send connection 28 from local rank 7, transport 0
worker0:337868:337971 [7] NCCL INFO Channel 13/0 : 7[7] -> 6[6] via P2P/CUMEM
worker1:326439:326538 [7] NCCL INFO Connected to proxy localRank 7 -> connection 0x7258e8005c60
worker0:337868:338043 [7] NCCL INFO New proxy send connection 29 from local rank 7, transport 0
worker1:326439:326538 [7] NCCL INFO Channel 13/0 : 15[7] -> 14[6] via P2P/CUMEM
worker0:337868:337971 [7] NCCL INFO Connected to proxy localRank 7 -> connection 0x784ed4005cd8
worker1:326439:326554 [7] NCCL INFO New proxy send connection 29 from local rank 7, transport 0
worker0:337866:337973 [5] NCCL INFO Channel 04/0 : 5[5] -> 4[4] via P2P/CUMEM
worker1:326439:326538 [7] NCCL INFO Connected to proxy localRank 7 -> connection 0x7258e8005cd8
worker0:337866:338049 [5] NCCL INFO New proxy send connection 20 from local rank 5, transport 0
worker0:337865:337974 [4] NCCL INFO Channel 15/0 : 4[4] -> 3[3] via P2P/CUMEM
worker0:337866:337973 [5] NCCL INFO Connected to proxy localRank 5 -> connection 0x7f02080058a0
worker1:326439:326538 [7] NCCL INFO Channel 14/0 : 15[7] -> 14[6] via P2P/CUMEM
worker1:326439:326554 [7] NCCL INFO New proxy send connection 30 from local rank 7, transport 0
worker0:337865:338046 [4] NCCL INFO New proxy send connection 31 from local rank 4, transport 0
worker1:326439:326538 [7] NCCL INFO Connected to proxy localRank 7 -> connection 0x7258e8005d50
worker0:337865:337974 [4] NCCL INFO Connected to proxy localRank 4 -> connection 0x7508d0005dc8
worker1:326439:326538 [7] NCCL INFO Channel 15/0 : 15[7] -> 14[6] via P2P/CUMEM
worker0:337868:337971 [7] NCCL INFO Channel 14/0 : 7[7] -> 6[6] via P2P/CUMEM
worker1:326439:326554 [7] NCCL INFO New proxy send connection 31 from local rank 7, transport 0
worker0:337868:338043 [7] NCCL INFO New proxy send connection 30 from local rank 7, transport 0
worker1:326439:326538 [7] NCCL INFO Connected to proxy localRank 7 -> connection 0x7258e8005dc8
worker0:337863:337969 [2] NCCL INFO Channel 15/0 : 2[2] -> 1[1] via P2P/CUMEM
worker0:337868:337971 [7] NCCL INFO Connected to proxy localRank 7 -> connection 0x784ed4005d50

worker1:326432:326552 [0] misc/socket.cc:442 NCCL WARN socketFinalizeAccept: wrong type 4 != 3
worker1:326432:326552 [0] NCCL INFO misc/socket.cc:564 -> 3
worker1:326432:326552 [0] NCCL INFO misc/socket.cc:589 -> 3
worker1:326432:326552 [0] NCCL INFO transport/net_socket.cc:381 -> 3
worker1:326432:326552 [0] NCCL INFO transport/net.cc:837 -> 3
worker0:337863:338045 [2] NCCL INFO New proxy send connection 31 from local rank 2, transport 0
worker0:337863:337969 [2] NCCL INFO Connected to proxy localRank 2 -> connection 0x722b40005dc8

worker1:326432:326552 [0] misc/socket.cc:442 NCCL WARN socketFinalizeAccept: wrong type 4 != 3
worker1:326432:326552 [0] NCCL INFO misc/socket.cc:564 -> 3
worker1:326432:326552 [0] NCCL INFO misc/socket.cc:589 -> 3
worker1:326432:326552 [0] NCCL INFO transport/net_socket.cc:381 -> 3
worker1:326432:326552 [0] NCCL INFO transport/net.cc:837 -> 3
worker0:337868:337971 [7] NCCL INFO Channel 15/0 : 7[7] -> 6[6] via P2P/CUMEM

worker1:326432:326552 [0] misc/socket.cc:442 NCCL WARN socketFinalizeAccept: wrong type 4 != 3
worker1:326432:326552 [0] NCCL INFO misc/socket.cc:564 -> 3
worker1:326432:326552 [0] NCCL INFO misc/socket.cc:589 -> 3
worker1:326432:326552 [0] NCCL INFO transport/net_socket.cc:381 -> 3
worker1:326432:326552 [0] NCCL INFO transport/net.cc:837 -> 3
worker0:337868:338043 [7] NCCL INFO New proxy send connection 31 from local rank 7, transport 0

worker1:326432:326552 [0] misc/socket.cc:442 NCCL WARN socketFinalizeAccept: wrong type 4 != 3
worker1:326432:326552 [0] NCCL INFO misc/socket.cc:564 -> 3
worker1:326432:326552 [0] NCCL INFO misc/socket.cc:589 -> 3
worker1:326432:326552 [0] NCCL INFO transport/net_socket.cc:381 -> 3
worker1:326432:326552 [0] NCCL INFO transport/net.cc:837 -> 3
worker0:337868:337971 [7] NCCL INFO Connected to proxy localRank 7 -> connection 0x784ed4005dc8

worker1:326432:326552 [0] misc/socket.cc:442 NCCL WARN socketFinalizeAccept: wrong type 4 != 3
worker1:326432:326552 [0] NCCL INFO misc/socket.cc:564 -> 3
worker1:326432:326552 [0] NCCL INFO misc/socket.cc:668 -> 3
worker1:326432:326552 [0] NCCL INFO transport/net_socket.cc:378 -> 3
worker1:326432:326552 [0] NCCL INFO transport/net.cc:837 -> 3
worker0:337866:337973 [5] NCCL INFO Channel 05/0 : 5[5] -> 4[4] via P2P/CUMEM

worker1:326432:326552 [0] misc/socket.cc:442 NCCL WARN socketFinalizeAccept: wrong type 4 != 3
worker1:326432:326552 [0] NCCL INFO misc/socket.cc:564 -> 3
worker1:326432:326552 [0] NCCL INFO misc/socket.cc:668 -> 3
worker1:326432:326552 [0] NCCL INFO transport/net_socket.cc:378 -> 3
worker1:326432:326552 [0] NCCL INFO transport/net.cc:837 -> 3
worker0:337866:338049 [5] NCCL INFO New proxy send connection 21 from local rank 5, transport 0

worker1:326432:326552 [0] misc/socket.cc:442 NCCL WARN socketFinalizeAccept: wrong type 4 != 3
worker1:326432:326552 [0] NCCL INFO misc/socket.cc:564 -> 3
worker1:326432:326552 [0] NCCL INFO misc/socket.cc:668 -> 3
worker1:326432:326552 [0] NCCL INFO transport/net_socket.cc:378 -> 3
worker1:326432:326552 [0] NCCL INFO transport/net.cc:837 -> 3
worker0:337866:337973 [5] NCCL INFO Connected to proxy localRank 5 -> connection 0x7f0208005918

worker1:326432:326552 [0] misc/socket.cc:442 NCCL WARN socketFinalizeAccept: wrong type 4 != 3
worker1:326432:326552 [0] NCCL INFO misc/socket.cc:564 -> 3
worker1:326432:326552 [0] NCCL INFO misc/socket.cc:668 -> 3
worker1:326432:326552 [0] NCCL INFO transport/net_socket.cc:378 -> 3
worker1:326432:326552 [0] NCCL INFO transport/net.cc:837 -> 3
worker0:337866:337973 [5] NCCL INFO Channel 06/0 : 5[5] -> 4[4] via P2P/CUMEM

worker1:326432:326552 [0] misc/socket.cc:442 NCCL WARN socketFinalizeAccept: wrong type 4 != 3
worker1:326432:326552 [0] NCCL INFO misc/socket.cc:564 -> 3
worker1:326432:326552 [0] NCCL INFO misc/socket.cc:668 -> 3
worker1:326432:326552 [0] NCCL INFO transport/net_socket.cc:378 -> 3
worker1:326432:326552 [0] NCCL INFO transport/net.cc:837 -> 3
worker0:337866:338049 [5] NCCL INFO New proxy send connection 22 from local rank 5, transport 0

worker1:326432:326552 [0] misc/socket.cc:442 NCCL WARN socketFinalizeAccept: wrong type 4 != 3
worker1:326432:326552 [0] NCCL INFO misc/socket.cc:564 -> 3
worker1:326432:326552 [0] NCCL INFO misc/socket.cc:668 -> 3
worker1:326432:326552 [0] NCCL INFO transport/net_socket.cc:378 -> 3
worker1:326432:326552 [0] NCCL INFO transport/net.cc:837 -> 3
worker0:337866:337973 [5] NCCL INFO Connected to proxy localRank 5 -> connection 0x7f0208005990

worker1:326432:326552 [0] misc/socket.cc:442 NCCL WARN socketFinalizeAccept: wrong type 4 != 3
worker1:326432:326552 [0] NCCL INFO misc/socket.cc:564 -> 3
worker1:326432:326552 [0] NCCL INFO misc/socket.cc:668 -> 3
worker1:326432:326552 [0] NCCL INFO transport/net_socket.cc:378 -> 3
worker1:326432:326552 [0] NCCL INFO transport/net.cc:837 -> 3
worker0:337866:337973 [5] NCCL INFO Channel 07/0 : 5[5] -> 4[4] via P2P/CUMEM

worker1:326432:326552 [0] misc/socket.cc:442 NCCL WARN socketFinalizeAccept: wrong type 4 != 3
worker1:326432:326552 [0] NCCL INFO misc/socket.cc:564 -> 3
worker1:326432:326552 [0] NCCL INFO misc/socket.cc:668 -> 3
worker1:326432:326552 [0] NCCL INFO transport/net_socket.cc:378 -> 3
worker1:326432:326552 [0] NCCL INFO transport/net.cc:837 -> 3
worker0:337866:338049 [5] NCCL INFO New proxy send connection 23 from local rank 5, transport 0

worker1:326432:326552 [0] misc/socket.cc:442 NCCL WARN socketFinalizeAccept: wrong type 4 != 3
worker1:326432:326552 [0] NCCL INFO misc/socket.cc:564 -> 3
worker1:326432:326552 [0] NCCL INFO misc/socket.cc:668 -> 3
worker1:326432:326552 [0] NCCL INFO transport/net_socket.cc:378 -> 3
worker1:326432:326552 [0] NCCL INFO transport/net.cc:837 -> 3
worker0:337866:337973 [5] NCCL INFO Connected to proxy localRank 5 -> connection 0x7f0208005a08

worker1:326432:326552 [0] misc/socket.cc:442 NCCL WARN socketFinalizeAccept: wrong type 4 != 3
worker1:326432:326552 [0] NCCL INFO misc/socket.cc:564 -> 3
worker1:326432:326552 [0] NCCL INFO misc/socket.cc:668 -> 3
worker1:326432:326552 [0] NCCL INFO transport/net_socket.cc:378 -> 3
worker1:326432:326552 [0] NCCL INFO transport/net.cc:837 -> 3
worker0:337866:337973 [5] NCCL INFO Channel 08/0 : 5[5] -> 4[4] via P2P/CUMEM

worker1:326432:326552 [0] misc/socket.cc:442 NCCL WARN socketFinalizeAccept: wrong type 4 != 3
worker1:326432:326552 [0] NCCL INFO misc/socket.cc:564 -> 3
worker1:326432:326552 [0] NCCL INFO misc/socket.cc:668 -> 3
worker1:326432:326552 [0] NCCL INFO transport/net_socket.cc:378 -> 3
worker1:326432:326552 [0] NCCL INFO transport/net.cc:837 -> 3
worker0:337866:338049 [5] NCCL INFO New proxy send connection 24 from local rank 5, transport 0

worker1:326432:326552 [0] misc/socket.cc:442 NCCL WARN socketFinalizeAccept: wrong type 4 != 3
worker1:326432:326552 [0] NCCL INFO misc/socket.cc:564 -> 3
worker1:326432:326552 [0] NCCL INFO misc/socket.cc:668 -> 3
worker1:326432:326552 [0] NCCL INFO transport/net_socket.cc:378 -> 3
worker1:326432:326552 [0] NCCL INFO transport/net.cc:837 -> 3
worker1:326432:326541 [0] NCCL INFO transport/net.cc:405 -> 3
worker1:326432:326541 [0] NCCL INFO transport.cc:183 -> 3
worker1:326432:326541 [0] NCCL INFO init.cc:1263 -> 3
worker1:326432:326541 [0] NCCL INFO init.cc:1548 -> 3
worker1:326432:326541 [0] NCCL INFO group.cc:64 -> 3 [Async thread]
worker0:337866:337973 [5] NCCL INFO Connected to proxy localRank 5 -> connection 0x7f0208005a80
worker1:326432:326432 [0] NCCL INFO group.cc:418 -> 3
worker1:326432:326432 [0] NCCL INFO init.cc:1929 -> 3
worker0:337866:337973 [5] NCCL INFO Channel 09/0 : 5[5] -> 4[4] via P2P/CUMEM
worker0:337866:338049 [5] NCCL INFO New proxy send connection 25 from local rank 5, transport 0
worker0:337866:337973 [5] NCCL INFO Connected to proxy localRank 5 -> connection 0x7f0208005af8
worker1:326436:326543 [4] NCCL INFO Connected all rings
worker0:337866:337973 [5] NCCL INFO Channel 10/0 : 5[5] -> 4[4] via P2P/CUMEM
worker1:326436:326550 [4] NCCL INFO New proxy recv connection 32 from local rank 4, transport 0
worker0:337866:338049 [5] NCCL INFO New proxy send connection 26 from local rank 5, transport 0
worker1:326436:326543 [4] NCCL INFO Connected to proxy localRank 4 -> connection 0x7fab3c005e40
worker0:337866:337973 [5] NCCL INFO Connected to proxy localRank 5 -> connection 0x7f0208005b70
worker1:326436:326550 [4] NCCL INFO New proxy recv connection 33 from local rank 4, transport 0
worker1:326436:326543 [4] NCCL INFO Connected to proxy localRank 4 -> connection 0x7fab3c005eb8
worker0:337866:337973 [5] NCCL INFO Channel 11/0 : 5[5] -> 4[4] via P2P/CUMEM
worker1:326436:326550 [4] NCCL INFO New proxy recv connection 34 from local rank 4, transport 0
worker1:326436:326543 [4] NCCL INFO Connected to proxy localRank 4 -> connection 0x7fab3c005f30
worker0:337866:338049 [5] NCCL INFO New proxy send connection 27 from local rank 5, transport 0
worker1:326435:326544 [3] NCCL INFO Connected all rings
worker0:337866:337973 [5] NCCL INFO Connected to proxy localRank 5 -> connection 0x7f0208005be8
worker1:326435:326558 [3] NCCL INFO New proxy recv connection 32 from local rank 3, transport 0
worker0:337866:337973 [5] NCCL INFO Channel 12/0 : 5[5] -> 4[4] via P2P/CUMEM
worker1:326435:326544 [3] NCCL INFO Connected to proxy localRank 3 -> connection 0x71ae18005e40
worker0:337866:338049 [5] NCCL INFO New proxy send connection 28 from local rank 5, transport 0
worker1:326436:326550 [4] NCCL INFO New proxy recv connection 35 from local rank 4, transport 0
worker1:326436:326543 [4] NCCL INFO Connected to proxy localRank 4 -> connection 0x7fab3c005fa8
worker0:337866:337973 [5] NCCL INFO Connected to proxy localRank 5 -> connection 0x7f0208005c60
worker1:326436:326550 [4] NCCL INFO New proxy recv connection 36 from local rank 4, transport 0
worker1:326436:326543 [4] NCCL INFO Connected to proxy localRank 4 -> connection 0x7fab3c006020
worker0:337866:337973 [5] NCCL INFO Channel 13/0 : 5[5] -> 4[4] via P2P/CUMEM
worker1:326435:326558 [3] NCCL INFO New proxy recv connection 33 from local rank 3, transport 0
worker0:337866:338049 [5] NCCL INFO New proxy send connection 29 from local rank 5, transport 0
worker1:326435:326544 [3] NCCL INFO Connected to proxy localRank 3 -> connection 0x71ae18005eb8
worker0:337866:337973 [5] NCCL INFO Connected to proxy localRank 5 -> connection 0x7f0208005cd8
worker1:326436:326550 [4] NCCL INFO New proxy recv connection 37 from local rank 4, transport 0
worker1:326436:326543 [4] NCCL INFO Connected to proxy localRank 4 -> connection 0x7fab3c006098
worker0:337862:338047 [1] NCCL INFO New proxy recv connection 16 from local rank 1, transport 0
worker0:337862:337972 [1] NCCL INFO Connected to proxy localRank 1 -> connection 0x71cd540056c0

worker0:337861:338057 [0] misc/socket.cc:442 NCCL WARN socketFinalizeAccept: wrong type 3 != 4
worker1:326436:326550 [4] NCCL INFO New proxy recv connection 38 from local rank 4, transport 0
worker1:326436:326543 [4] NCCL INFO Connected to proxy localRank 4 -> connection 0x7fab3c006110
worker0:337861:338057 [0] NCCL INFO misc/socket.cc:564 -> 3
worker0:337861:338057 [0] NCCL INFO misc/socket.cc:589 -> 3
worker1:326435:326558 [3] NCCL INFO New proxy recv connection 34 from local rank 3, transport 0
worker1:326435:326544 [3] NCCL INFO Connected to proxy localRank 3 -> connection 0x71ae18005f30
worker0:337861:338057 [0] NCCL INFO transport/net_ib.cc:1198 -> 3
worker0:337861:338057 [0] NCCL INFO transport/net.cc:837 -> 3
worker1:326436:326550 [4] NCCL INFO New proxy recv connection 39 from local rank 4, transport 0
worker1:326436:326543 [4] NCCL INFO Connected to proxy localRank 4 -> connection 0x7fab3c006188
worker0:337862:338047 [1] NCCL INFO New proxy recv connection 17 from local rank 1, transport 0
worker0:337862:337972 [1] NCCL INFO Connected to proxy localRank 1 -> connection 0x71cd54005738
worker1:326435:326558 [3] NCCL INFO New proxy recv connection 35 from local rank 3, transport 0
worker1:326435:326544 [3] NCCL INFO Connected to proxy localRank 3 -> connection 0x71ae18005fa8
worker0:337866:337973 [5] NCCL INFO Channel 14/0 : 5[5] -> 4[4] via P2P/CUMEM
worker0:337866:338049 [5] NCCL INFO New proxy send connection 30 from local rank 5, transport 0
worker1:326436:326550 [4] NCCL INFO New proxy recv connection 40 from local rank 4, transport 0
worker1:326436:326543 [4] NCCL INFO Connected to proxy localRank 4 -> connection 0x7fab3c006200
worker0:337866:337973 [5] NCCL INFO Connected to proxy localRank 5 -> connection 0x7f0208005d50
worker1:326435:326558 [3] NCCL INFO New proxy recv connection 36 from local rank 3, transport 0
worker1:326435:326544 [3] NCCL INFO Connected to proxy localRank 3 -> connection 0x71ae18006020
worker0:337862:338047 [1] NCCL INFO New proxy recv connection 18 from local rank 1, transport 0
worker0:337862:337972 [1] NCCL INFO Connected to proxy localRank 1 -> connection 0x71cd540057b0
worker1:326436:326550 [4] NCCL INFO New proxy recv connection 41 from local rank 4, transport 0
worker1:326436:326543 [4] NCCL INFO Connected to proxy localRank 4 -> connection 0x7fab3c006278
worker0:337866:337973 [5] NCCL INFO Channel 15/0 : 5[5] -> 4[4] via P2P/CUMEM
worker0:337866:338049 [5] NCCL INFO New proxy send connection 31 from local rank 5, transport 0
worker1:326435:326558 [3] NCCL INFO New proxy recv connection 37 from local rank 3, transport 0
worker1:326435:326544 [3] NCCL INFO Connected to proxy localRank 3 -> connection 0x71ae18006098
worker0:337866:337973 [5] NCCL INFO Connected to proxy localRank 5 -> connection 0x7f0208005dc8
worker1:326436:326550 [4] NCCL INFO New proxy recv connection 42 from local rank 4, transport 0
worker1:326436:326543 [4] NCCL INFO Connected to proxy localRank 4 -> connection 0x7fab3c0062f0
worker0:337862:338047 [1] NCCL INFO New proxy recv connection 19 from local rank 1, transport 0
worker1:326435:326558 [3] NCCL INFO New proxy recv connection 38 from local rank 3, transport 0
worker1:326435:326544 [3] NCCL INFO Connected to proxy localRank 3 -> connection 0x71ae18006110
worker0:337862:337972 [1] NCCL INFO Connected to proxy localRank 1 -> connection 0x71cd54005828
worker1:326436:326550 [4] NCCL INFO New proxy recv connection 43 from local rank 4, transport 0
worker1:326436:326543 [4] NCCL INFO Connected to proxy localRank 4 -> connection 0x7fab3c006368
worker0:337862:338047 [1] NCCL INFO New proxy recv connection 20 from local rank 1, transport 0
worker1:326435:326558 [3] NCCL INFO New proxy recv connection 39 from local rank 3, transport 0
worker1:326435:326544 [3] NCCL INFO Connected to proxy localRank 3 -> connection 0x71ae18006188
worker0:337862:337972 [1] NCCL INFO Connected to proxy localRank 1 -> connection 0x71cd540058a0
worker1:326436:326550 [4] NCCL INFO New proxy recv connection 44 from local rank 4, transport 0
worker1:326436:326543 [4] NCCL INFO Connected to proxy localRank 4 -> connection 0x7fab3c0063e0
worker0:337862:338047 [1] NCCL INFO New proxy recv connection 21 from local rank 1, transport 0
worker0:337862:337972 [1] NCCL INFO Connected to proxy localRank 1 -> connection 0x71cd54005918
worker1:326435:326558 [3] NCCL INFO New proxy recv connection 40 from local rank 3, transport 0
worker1:326435:326544 [3] NCCL INFO Connected to proxy localRank 3 -> connection 0x71ae18006200
worker0:337862:338047 [1] NCCL INFO New proxy recv connection 22 from local rank 1, transport 0
worker0:337862:337972 [1] NCCL INFO Connected to proxy localRank 1 -> connection 0x71cd54005990
worker1:326436:326550 [4] NCCL INFO New proxy recv connection 45 from local rank 4, transport 0
worker1:326436:326543 [4] NCCL INFO Connected to proxy localRank 4 -> connection 0x7fab3c006458

worker0:337861:338057 [0] misc/socket.cc:442 NCCL WARN socketFinalizeAccept: wrong type 3 != 4
worker1:326436:326550 [4] NCCL INFO New proxy recv connection 46 from local rank 4, transport 0
worker1:326436:326543 [4] NCCL INFO Connected to proxy localRank 4 -> connection 0x7fab3c0064d0
worker0:337861:338057 [0] NCCL INFO misc/socket.cc:564 -> 3
worker0:337861:338057 [0] NCCL INFO misc/socket.cc:589 -> 3
worker1:326435:326558 [3] NCCL INFO New proxy recv connection 41 from local rank 3, transport 0
worker1:326435:326544 [3] NCCL INFO Connected to proxy localRank 3 -> connection 0x71ae18006278
worker0:337861:338057 [0] NCCL INFO transport/net_ib.cc:1198 -> 3
worker0:337861:338057 [0] NCCL INFO transport/net.cc:837 -> 3
worker1:326436:326550 [4] NCCL INFO New proxy recv connection 47 from local rank 4, transport 0
worker1:326436:326543 [4] NCCL INFO Connected to proxy localRank 4 -> connection 0x7fab3c006548
worker0:337862:338047 [1] NCCL INFO New proxy recv connection 23 from local rank 1, transport 0
worker1:326435:326558 [3] NCCL INFO New proxy recv connection 42 from local rank 3, transport 0
worker1:326435:326544 [3] NCCL INFO Connected to proxy localRank 3 -> connection 0x71ae180062f0
worker0:337862:337972 [1] NCCL INFO Connected to proxy localRank 1 -> connection 0x71cd54005a08
worker1:326436:326543 [4] NCCL INFO Channel 00/0 : 12[4] -> 13[5] via P2P/CUMEM
worker1:326436:326550 [4] NCCL INFO New proxy send connection 48 from local rank 4, transport 0
worker0:337862:338047 [1] NCCL INFO New proxy recv connection 24 from local rank 1, transport 0
worker0:337862:337972 [1] NCCL INFO Connected to proxy localRank 1 -> connection 0x71cd54005a80
worker1:326436:326543 [4] NCCL INFO Connected to proxy localRank 4 -> connection 0x7fab3c0065c0

worker0:337861:338057 [0] misc/socket.cc:442 NCCL WARN socketFinalizeAccept: wrong type 3 != 4
worker0:337861:338057 [0] NCCL INFO misc/socket.cc:564 -> 3
worker1:326436:326543 [4] NCCL INFO Channel 01/0 : 12[4] -> 13[5] via P2P/CUMEM
worker1:326436:326550 [4] NCCL INFO New proxy send connection 49 from local rank 4, transport 0
worker0:337861:338057 [0] NCCL INFO misc/socket.cc:589 -> 3
worker0:337861:338057 [0] NCCL INFO transport/net_ib.cc:1198 -> 3
worker0:337861:338057 [0] NCCL INFO transport/net.cc:837 -> 3
worker1:326436:326543 [4] NCCL INFO Connected to proxy localRank 4 -> connection 0x7fab3c006638
worker0:337862:338047 [1] NCCL INFO New proxy recv connection 25 from local rank 1, transport 0
worker0:337862:337972 [1] NCCL INFO Connected to proxy localRank 1 -> connection 0x71cd54005af8
worker1:326435:326558 [3] NCCL INFO New proxy recv connection 43 from local rank 3, transport 0
worker1:326435:326544 [3] NCCL INFO Connected to proxy localRank 3 -> connection 0x71ae18006368
worker0:337862:338047 [1] NCCL INFO New proxy recv connection 26 from local rank 1, transport 0
worker0:337862:337972 [1] NCCL INFO Connected to proxy localRank 1 -> connection 0x71cd54005b70
worker1:326436:326543 [4] NCCL INFO Channel 02/0 : 12[4] -> 13[5] via P2P/CUMEM
worker1:326436:326550 [4] NCCL INFO New proxy send connection 50 from local rank 4, transport 0
worker0:337862:338047 [1] NCCL INFO New proxy recv connection 27 from local rank 1, transport 0
worker0:337862:337972 [1] NCCL INFO Connected to proxy localRank 1 -> connection 0x71cd54005be8
worker1:326436:326543 [4] NCCL INFO Connected to proxy localRank 4 -> connection 0x7fab3c0066b0

worker0:337861:338057 [0] misc/socket.cc:442 NCCL WARN socketFinalizeAccept: wrong type 3 != 4
worker0:337861:338057 [0] NCCL INFO misc/socket.cc:564 -> 3
worker1:326435:326558 [3] NCCL INFO New proxy recv connection 44 from local rank 3, transport 0
worker1:326435:326544 [3] NCCL INFO Connected to proxy localRank 3 -> connection 0x71ae180063e0
worker0:337861:338057 [0] NCCL INFO misc/socket.cc:589 -> 3
worker0:337861:338057 [0] NCCL INFO transport/net_ib.cc:1198 -> 3
worker0:337861:338057 [0] NCCL INFO transport/net.cc:837 -> 3
worker1:326436:326543 [4] NCCL INFO Channel 03/0 : 12[4] -> 13[5] via P2P/CUMEM
worker1:326436:326550 [4] NCCL INFO New proxy send connection 51 from local rank 4, transport 0
worker0:337862:338047 [1] NCCL INFO New proxy recv connection 28 from local rank 1, transport 0
worker0:337862:337972 [1] NCCL INFO Connected to proxy localRank 1 -> connection 0x71cd54005c60
worker1:326436:326543 [4] NCCL INFO Connected to proxy localRank 4 -> connection 0x7fab3c006728
worker0:337862:338047 [1] NCCL INFO New proxy recv connection 29 from local rank 1, transport 0
worker0:337862:337972 [1] NCCL INFO Connected to proxy localRank 1 -> connection 0x71cd54005cd8
worker1:326435:326558 [3] NCCL INFO New proxy recv connection 45 from local rank 3, transport 0
worker1:326435:326544 [3] NCCL INFO Connected to proxy localRank 3 -> connection 0x71ae18006458

worker0:337861:338057 [0] misc/socket.cc:442 NCCL WARN socketFinalizeAccept: wrong type 3 != 4
worker1:326436:326543 [4] NCCL INFO Channel 04/0 : 12[4] -> 13[5] via P2P/CUMEM
worker1:326436:326550 [4] NCCL INFO New proxy send connection 52 from local rank 4, transport 0
worker0:337861:338057 [0] NCCL INFO misc/socket.cc:564 -> 3
worker0:337861:338057 [0] NCCL INFO misc/socket.cc:589 -> 3
worker0:337861:338057 [0] NCCL INFO transport/net_ib.cc:1198 -> 3
worker0:337861:338057 [0] NCCL INFO transport/net.cc:837 -> 3
worker1:326436:326543 [4] NCCL INFO Connected to proxy localRank 4 -> connection 0x7fab3c0067a0
worker0:337862:338047 [1] NCCL INFO New proxy recv connection 30 from local rank 1, transport 0
worker1:326436:326543 [4] NCCL INFO Channel 05/0 : 12[4] -> 13[5] via P2P/CUMEM
worker0:337862:337972 [1] NCCL INFO Connected to proxy localRank 1 -> connection 0x71cd54005d50
worker1:326436:326550 [4] NCCL INFO New proxy send connection 53 from local rank 4, transport 0
worker0:337862:338047 [1] NCCL INFO New proxy recv connection 31 from local rank 1, transport 0
worker0:337862:337972 [1] NCCL INFO Connected to proxy localRank 1 -> connection 0x71cd54005dc8
worker1:326436:326543 [4] NCCL INFO Connected to proxy localRank 4 -> connection 0x7fab3c006818

worker0:337861:338057 [0] misc/socket.cc:442 NCCL WARN socketFinalizeAccept: wrong type 3 != 4
worker0:337861:338057 [0] NCCL INFO misc/socket.cc:564 -> 3
worker0:337861:338057 [0] NCCL INFO misc/socket.cc:589 -> 3
worker0:337861:338057 [0] NCCL INFO transport/net_ib.cc:1198 -> 3
worker0:337861:338057 [0] NCCL INFO transport/net.cc:837 -> 3
worker1:326435:326558 [3] NCCL INFO New proxy recv connection 46 from local rank 3, transport 0
worker1:326435:326544 [3] NCCL INFO Connected to proxy localRank 3 -> connection 0x71ae180064d0
worker0:337862:338047 [1] NCCL INFO NET/IB: NCCL Dev 5 IbDev 5 Port 1 qpn 310 mtu 5 LID 17176 fifoRkey=0x40500 fifoLkey=0x40500
worker1:326436:326543 [4] NCCL INFO Channel 06/0 : 12[4] -> 13[5] via P2P/CUMEM
worker1:326436:326550 [4] NCCL INFO New proxy send connection 54 from local rank 4, transport 0

worker0:337862:338047 [1] misc/socket.cc:50 NCCL WARN socketProgress: Connection closed by remote peer worker1<39919>
worker0:337862:338047 [1] NCCL INFO misc/socket.cc:752 -> 6
worker0:337862:338047 [1] NCCL INFO transport/net_ib.cc:1092 -> 6
worker0:337862:338047 [1] NCCL INFO transport/net.cc:687 -> 6
worker1:326436:326543 [4] NCCL INFO Connected to proxy localRank 4 -> connection 0x7fab3c006890
worker0:337862:338047 [1] NCCL INFO NET/IB: NCCL Dev 5 IbDev 5 Port 1 qpn 311 mtu 5 LID 17176 fifoRkey=0x41100 fifoLkey=0x41100
worker1:326435:326558 [3] NCCL INFO New proxy recv connection 47 from local rank 3, transport 0
worker1:326435:326544 [3] NCCL INFO Connected to proxy localRank 3 -> connection 0x71ae18006548

worker0:337862:338047 [1] misc/socket.cc:50 NCCL WARN socketProgress: Connection closed by remote peer worker1<55575>
worker0:337862:338047 [1] NCCL INFO misc/socket.cc:752 -> 6
worker0:337862:338047 [1] NCCL INFO transport/net_ib.cc:1092 -> 6
worker0:337862:338047 [1] NCCL INFO transport/net.cc:687 -> 6
worker1:326436:326543 [4] NCCL INFO Channel 07/0 : 12[4] -> 13[5] via P2P/CUMEM
worker1:326436:326550 [4] NCCL INFO New proxy send connection 55 from local rank 4, transport 0
worker0:337862:338047 [1] NCCL INFO NET/IB: NCCL Dev 5 IbDev 5 Port 1 qpn 312 mtu 5 LID 17176 fifoRkey=0x40700 fifoLkey=0x40700
worker1:326436:326543 [4] NCCL INFO Connected to proxy localRank 4 -> connection 0x7fab3c006908

worker0:337862:338047 [1] misc/socket.cc:50 NCCL WARN socketProgress: Connection closed by remote peer worker1<51047>
worker0:337862:338047 [1] NCCL INFO misc/socket.cc:752 -> 6
worker0:337862:338047 [1] NCCL INFO transport/net_ib.cc:1092 -> 6
worker0:337862:338047 [1] NCCL INFO transport/net.cc:687 -> 6
worker1:326436:326543 [4] NCCL INFO Channel 08/0 : 12[4] -> 13[5] via P2P/CUMEM
worker0:337862:338047 [1] NCCL INFO NET/IB: NCCL Dev 5 IbDev 5 Port 1 qpn 313 mtu 5 LID 17176 fifoRkey=0x40600 fifoLkey=0x40600
worker1:326436:326550 [4] NCCL INFO New proxy send connection 56 from local rank 4, transport 0

worker0:337862:338047 [1] misc/socket.cc:50 NCCL WARN socketProgress: Connection closed by remote peer worker1<54845>
worker0:337862:338047 [1] NCCL INFO misc/socket.cc:752 -> 6
worker0:337862:338047 [1] NCCL INFO transport/net_ib.cc:1092 -> 6
worker0:337862:338047 [1] NCCL INFO transport/net.cc:687 -> 6
worker1:326436:326543 [4] NCCL INFO Connected to proxy localRank 4 -> connection 0x7fab3c006980
worker0:337862:338047 [1] NCCL INFO NET/IB: NCCL Dev 5 IbDev 5 Port 1 qpn 314 mtu 5 LID 17176 fifoRkey=0x40b00 fifoLkey=0x40b00
worker1:326435:326544 [3] NCCL INFO Channel 00/0 : 11[3] -> 12[4] via P2P/CUMEM
worker0:337862:338047 [1] NCCL INFO NET/IB: NCCL Dev 5 IbDev 5 Port 1 qpn 315 mtu 5 LID 17176 fifoRkey=0x40800 fifoLkey=0x40800
worker1:326435:326558 [3] NCCL INFO New proxy send connection 48 from local rank 3, transport 0

worker0:337861:338057 [0] misc/socket.cc:442 NCCL WARN socketFinalizeAccept: wrong type 3 != 4
worker0:337861:338057 [0] NCCL INFO misc/socket.cc:564 -> 3
worker0:337861:338057 [0] NCCL INFO misc/socket.cc:589 -> 3
worker0:337861:338057 [0] NCCL INFO transport/net_ib.cc:1198 -> 3
worker0:337861:338057 [0] NCCL INFO transport/net.cc:837 -> 3
worker1:326435:326544 [3] NCCL INFO Connected to proxy localRank 3 -> connection 0x71ae180065c0
worker0:337862:338047 [1] NCCL INFO NET/IB: NCCL Dev 5 IbDev 5 Port 1 qpn 316 mtu 5 LID 17176 fifoRkey=0x40900 fifoLkey=0x40900
worker1:326436:326543 [4] NCCL INFO Channel 09/0 : 12[4] -> 13[5] via P2P/CUMEM
worker1:326436:326550 [4] NCCL INFO New proxy send connection 57 from local rank 4, transport 0
worker1:326436:326543 [4] NCCL INFO Connected to proxy localRank 4 -> connection 0x7fab3c0069f8
worker1:326435:326544 [3] NCCL INFO Channel 01/0 : 11[3] -> 12[4] via P2P/CUMEM
worker0:337862:338047 [1] NCCL INFO NET/IB: NCCL Dev 5 IbDev 5 Port 1 qpn 317 mtu 5 LID 17176 fifoRkey=0x40c00 fifoLkey=0x40c00
worker1:326435:326558 [3] NCCL INFO New proxy send connection 49 from local rank 3, transport 0
worker0:337862:338047 [1] NCCL INFO NET/IB: NCCL Dev 5 IbDev 5 Port 1 qpn 318 mtu 5 LID 17176 fifoRkey=0x40d00 fifoLkey=0x40d00
worker1:326435:326544 [3] NCCL INFO Connected to proxy localRank 3 -> connection 0x71ae18006638
worker0:337862:338047 [1] NCCL INFO NET/IB: NCCL Dev 5 IbDev 5 Port 1 qpn 319 mtu 5 LID 17176 fifoRkey=0x40e00 fifoLkey=0x40e00
worker1:326436:326543 [4] NCCL INFO Channel 10/0 : 12[4] -> 13[5] via P2P/CUMEM
worker0:337862:338047 [1] NCCL INFO NET/IB: NCCL Dev 5 IbDev 5 Port 1 qpn 320 mtu 5 LID 17176 fifoRkey=0x40f00 fifoLkey=0x40f00
worker1:326436:326550 [4] NCCL INFO New proxy send connection 58 from local rank 4, transport 0
worker0:337862:338047 [1] NCCL INFO NET/IB: NCCL Dev 5 IbDev 5 Port 1 qpn 321 mtu 5 LID 17176 fifoRkey=0x41000 fifoLkey=0x41000
worker1:326436:326543 [4] NCCL INFO Connected to proxy localRank 4 -> connection 0x7fab3c006a70
worker0:337862:338047 [1] NCCL INFO NET/IB: NCCL Dev 5 IbDev 5 Port 1 qpn 322 mtu 5 LID 17176 fifoRkey=0x41400 fifoLkey=0x41400
worker1:326435:326544 [3] NCCL INFO Channel 02/0 : 11[3] -> 12[4] via P2P/CUMEM
worker1:326435:326558 [3] NCCL INFO New proxy send connection 50 from local rank 3, transport 0

worker0:337862:338047 [1] misc/socket.cc:30 NCCL WARN socketProgressOpt: Call to recv from 10.6.0.108<39527> failed : Connection reset by peer
worker1:326435:326544 [3] NCCL INFO Connected to proxy localRank 3 -> connection 0x71ae180066b0
worker0:337862:338047 [1] NCCL INFO misc/socket.cc:47 -> 6
worker0:337862:338047 [1] NCCL INFO misc/socket.cc:752 -> 6
worker0:337862:338047 [1] NCCL INFO transport/net_ib.cc:1092 -> 6
worker0:337862:338047 [1] NCCL INFO transport/net.cc:687 -> 6
worker1:326436:326543 [4] NCCL INFO Channel 11/0 : 12[4] -> 13[5] via P2P/CUMEM
worker1:326436:326550 [4] NCCL INFO New proxy send connection 59 from local rank 4, transport 0
worker0:337862:338047 [1] NCCL INFO NET/IB: NCCL Dev 5 IbDev 5 Port 1 qpn 323 mtu 5 LID 17176 fifoRkey=0x41500 fifoLkey=0x41500
worker1:326436:326543 [4] NCCL INFO Connected to proxy localRank 4 -> connection 0x7fab3c006ae8
worker0:337862:338047 [1] NCCL INFO NET/IB: NCCL Dev 5 IbDev 5 Port 1 qpn 324 mtu 5 LID 17176 fifoRkey=0x41600 fifoLkey=0x41600
worker1:326435:326544 [3] NCCL INFO Channel 03/0 : 11[3] -> 12[4] via P2P/CUMEM
worker0:337862:338047 [1] NCCL INFO NET/IB: NCCL Dev 5 IbDev 5 Port 1 qpn 326 mtu 5 LID 17176 fifoRkey=0x41700 fifoLkey=0x41700
worker1:326435:326558 [3] NCCL INFO New proxy send connection 51 from local rank 3, transport 0

worker0:337862:338047 [1] misc/socket.cc:30 NCCL WARN socketProgressOpt: Call to recv from 10.6.0.108<57903> failed : Connection reset by peer
worker0:337862:338047 [1] NCCL INFO misc/socket.cc:47 -> 6
